Archive member included to satisfy reference by file (symbol)

c:/st/stm32cubeide_1.2.0/stm32cubeide/plugins/com.st.stm32cube.ide.mcu.externaltools.gnu-tools-for-stm32.7-2018-q2-update.win32_1.0.0.201904181610/tools/bin/../lib/gcc/arm-none-eabi/7.3.1/../../../../arm-none-eabi/lib/thumb/v7e-m/fpv4-sp/hard\libm.a(lib_a-sf_sin.o)
                              Core/Src/main.o (sinf)
c:/st/stm32cubeide_1.2.0/stm32cubeide/plugins/com.st.stm32cube.ide.mcu.externaltools.gnu-tools-for-stm32.7-2018-q2-update.win32_1.0.0.201904181610/tools/bin/../lib/gcc/arm-none-eabi/7.3.1/../../../../arm-none-eabi/lib/thumb/v7e-m/fpv4-sp/hard\libm.a(lib_a-ef_rem_pio2.o)
                              c:/st/stm32cubeide_1.2.0/stm32cubeide/plugins/com.st.stm32cube.ide.mcu.externaltools.gnu-tools-for-stm32.7-2018-q2-update.win32_1.0.0.201904181610/tools/bin/../lib/gcc/arm-none-eabi/7.3.1/../../../../arm-none-eabi/lib/thumb/v7e-m/fpv4-sp/hard\libm.a(lib_a-sf_sin.o) (__ieee754_rem_pio2f)
c:/st/stm32cubeide_1.2.0/stm32cubeide/plugins/com.st.stm32cube.ide.mcu.externaltools.gnu-tools-for-stm32.7-2018-q2-update.win32_1.0.0.201904181610/tools/bin/../lib/gcc/arm-none-eabi/7.3.1/../../../../arm-none-eabi/lib/thumb/v7e-m/fpv4-sp/hard\libm.a(lib_a-kf_cos.o)
                              c:/st/stm32cubeide_1.2.0/stm32cubeide/plugins/com.st.stm32cube.ide.mcu.externaltools.gnu-tools-for-stm32.7-2018-q2-update.win32_1.0.0.201904181610/tools/bin/../lib/gcc/arm-none-eabi/7.3.1/../../../../arm-none-eabi/lib/thumb/v7e-m/fpv4-sp/hard\libm.a(lib_a-sf_sin.o) (__kernel_cosf)
c:/st/stm32cubeide_1.2.0/stm32cubeide/plugins/com.st.stm32cube.ide.mcu.externaltools.gnu-tools-for-stm32.7-2018-q2-update.win32_1.0.0.201904181610/tools/bin/../lib/gcc/arm-none-eabi/7.3.1/../../../../arm-none-eabi/lib/thumb/v7e-m/fpv4-sp/hard\libm.a(lib_a-kf_rem_pio2.o)
                              c:/st/stm32cubeide_1.2.0/stm32cubeide/plugins/com.st.stm32cube.ide.mcu.externaltools.gnu-tools-for-stm32.7-2018-q2-update.win32_1.0.0.201904181610/tools/bin/../lib/gcc/arm-none-eabi/7.3.1/../../../../arm-none-eabi/lib/thumb/v7e-m/fpv4-sp/hard\libm.a(lib_a-ef_rem_pio2.o) (__kernel_rem_pio2f)
c:/st/stm32cubeide_1.2.0/stm32cubeide/plugins/com.st.stm32cube.ide.mcu.externaltools.gnu-tools-for-stm32.7-2018-q2-update.win32_1.0.0.201904181610/tools/bin/../lib/gcc/arm-none-eabi/7.3.1/../../../../arm-none-eabi/lib/thumb/v7e-m/fpv4-sp/hard\libm.a(lib_a-kf_sin.o)
                              c:/st/stm32cubeide_1.2.0/stm32cubeide/plugins/com.st.stm32cube.ide.mcu.externaltools.gnu-tools-for-stm32.7-2018-q2-update.win32_1.0.0.201904181610/tools/bin/../lib/gcc/arm-none-eabi/7.3.1/../../../../arm-none-eabi/lib/thumb/v7e-m/fpv4-sp/hard\libm.a(lib_a-sf_sin.o) (__kernel_sinf)
c:/st/stm32cubeide_1.2.0/stm32cubeide/plugins/com.st.stm32cube.ide.mcu.externaltools.gnu-tools-for-stm32.7-2018-q2-update.win32_1.0.0.201904181610/tools/bin/../lib/gcc/arm-none-eabi/7.3.1/../../../../arm-none-eabi/lib/thumb/v7e-m/fpv4-sp/hard\libm.a(lib_a-sf_fabs.o)
                              c:/st/stm32cubeide_1.2.0/stm32cubeide/plugins/com.st.stm32cube.ide.mcu.externaltools.gnu-tools-for-stm32.7-2018-q2-update.win32_1.0.0.201904181610/tools/bin/../lib/gcc/arm-none-eabi/7.3.1/../../../../arm-none-eabi/lib/thumb/v7e-m/fpv4-sp/hard\libm.a(lib_a-ef_rem_pio2.o) (fabsf)
c:/st/stm32cubeide_1.2.0/stm32cubeide/plugins/com.st.stm32cube.ide.mcu.externaltools.gnu-tools-for-stm32.7-2018-q2-update.win32_1.0.0.201904181610/tools/bin/../lib/gcc/arm-none-eabi/7.3.1/../../../../arm-none-eabi/lib/thumb/v7e-m/fpv4-sp/hard\libm.a(lib_a-sf_floor.o)
                              c:/st/stm32cubeide_1.2.0/stm32cubeide/plugins/com.st.stm32cube.ide.mcu.externaltools.gnu-tools-for-stm32.7-2018-q2-update.win32_1.0.0.201904181610/tools/bin/../lib/gcc/arm-none-eabi/7.3.1/../../../../arm-none-eabi/lib/thumb/v7e-m/fpv4-sp/hard\libm.a(lib_a-kf_rem_pio2.o) (floorf)
c:/st/stm32cubeide_1.2.0/stm32cubeide/plugins/com.st.stm32cube.ide.mcu.externaltools.gnu-tools-for-stm32.7-2018-q2-update.win32_1.0.0.201904181610/tools/bin/../lib/gcc/arm-none-eabi/7.3.1/../../../../arm-none-eabi/lib/thumb/v7e-m/fpv4-sp/hard\libm.a(lib_a-sf_scalbn.o)
                              c:/st/stm32cubeide_1.2.0/stm32cubeide/plugins/com.st.stm32cube.ide.mcu.externaltools.gnu-tools-for-stm32.7-2018-q2-update.win32_1.0.0.201904181610/tools/bin/../lib/gcc/arm-none-eabi/7.3.1/../../../../arm-none-eabi/lib/thumb/v7e-m/fpv4-sp/hard\libm.a(lib_a-kf_rem_pio2.o) (scalbnf)
c:/st/stm32cubeide_1.2.0/stm32cubeide/plugins/com.st.stm32cube.ide.mcu.externaltools.gnu-tools-for-stm32.7-2018-q2-update.win32_1.0.0.201904181610/tools/bin/../lib/gcc/arm-none-eabi/7.3.1/../../../../arm-none-eabi/lib/thumb/v7e-m/fpv4-sp/hard\libm.a(lib_a-sf_copysign.o)
[...]
Memory Configuration

Name             Origin             Length             Attributes
CCMRAM           0x0000000010000000 0x0000000000010000 xrw
RAM              0x0000000020000000 0x0000000000020000 xrw
FLASH            0x0000000008000000 0x0000000000100000 xr
*default*        0x0000000000000000 0xffffffffffffffff

Linker script and memory map

LOAD c:/st/stm32cubeide_1.2.0/stm32cubeide/plugins/com.st.stm32cube.ide.mcu.externaltools.gnu-tools-for-stm32.7-2018-q2-update.win32_1.0.0.201904181610/tools/bin/../lib/gcc/arm-none-eabi/7.3.1/thumb/v7e-m/fpv4-sp/hard/crti.o
LOAD c:/st/stm32cubeide_1.2.0/stm32cubeide/plugins/com.st.stm32cube.ide.mcu.externaltools.gnu-tools-for-stm32.7-2018-q2-update.win32_1.0.0.201904181610/tools/bin/../lib/gcc/arm-none-eabi/7.3.1/thumb/v7e-m/fpv4-sp/hard/crtbegin.o
LOAD c:/st/stm32cubeide_1.2.0/stm32cubeide/plugins/com.st.stm32cube.ide.mcu.externaltools.gnu-tools-for-stm32.7-2018-q2-update.win32_1.0.0.201904181610/tools/bin/../lib/gcc/arm-none-eabi/7.3.1/../../../../arm-none-eabi/lib/thumb/v7e-m/fpv4-sp/hard/crt0.o
LOAD Core/Src/main.o
LOAD Core/Src/stm32f4xx_hal_msp.o
LOAD Core/Src/stm32f4xx_it.o
LOAD Core/Src/syscalls.o
LOAD Core/Src/sysmem.o
LOAD Core/Src/system_stm32f4xx.o
LOAD Core/Startup/startup_stm32f407vgtx.o
LOAD Drivers/STM32F4xx_HAL_Driver/Src/stm32f4xx_hal.o
LOAD Drivers/STM32F4xx_HAL_Driver/Src/stm32f4xx_hal_cortex.o
LOAD Drivers/STM32F4xx_HAL_Driver/Src/stm32f4xx_hal_dma.o
LOAD Drivers/STM32F4xx_HAL_Driver/Src/stm32f4xx_hal_dma_ex.o
LOAD Drivers/STM32F4xx_HAL_Driver/Src/stm32f4xx_hal_exti.o
LOAD Drivers/STM32F4xx_HAL_Driver/Src/stm32f4xx_hal_flash.o
LOAD Drivers/STM32F4xx_HAL_Driver/Src/stm32f4xx_hal_flash_ex.o
LOAD Drivers/STM32F4xx_HAL_Driver/Src/stm32f4xx_hal_flash_ramfunc.o
LOAD Drivers/STM32F4xx_HAL_Driver/Src/stm32f4xx_hal_gpio.o
LOAD Drivers/STM32F4xx_HAL_Driver/Src/stm32f4xx_hal_pwr.o
LOAD Drivers/STM32F4xx_HAL_Driver/Src/stm32f4xx_hal_pwr_ex.o
LOAD Drivers/STM32F4xx_HAL_Driver/Src/stm32f4xx_hal_rcc.o
LOAD Drivers/STM32F4xx_HAL_Driver/Src/stm32f4xx_hal_rcc_ex.o
LOAD Drivers/STM32F4xx_HAL_Driver/Src/stm32f4xx_hal_tim.o
LOAD Drivers/STM32F4xx_HAL_Driver/Src/stm32f4xx_hal_tim_ex.o
START GROUP
LOAD c:/st/stm32cubeide_1.2.0/stm32cubeide/plugins/com.st.stm32cube.ide.mcu.externaltools.gnu-tools-for-stm32.7-2018-q2-update.win32_1.0.0.201904181610/tools/bin/../lib/gcc/arm-none-eabi/7.3.1/../../../../arm-none-eabi/lib/thumb/v7e-m/fpv4-sp/hard\libstdc++_nano.a
LOAD c:/st/stm32cubeide_1.2.0/stm32cubeide/plugins/com.st.stm32cube.ide.mcu.externaltools.gnu-tools-for-stm32.7-2018-q2-update.win32_1.0.0.201904181610/tools/bin/../lib/gcc/arm-none-eabi/7.3.1/../../../../arm-none-eabi/lib/thumb/v7e-m/fpv4-sp/hard\libsupc++_nano.a
END GROUP
LOAD c:/st/stm32cubeide_1.2.0/stm32cubeide/plugins/com.st.stm32cube.ide.mcu.externaltools.gnu-tools-for-stm32.7-2018-q2-update.win32_1.0.0.201904181610/tools/bin/../lib/gcc/arm-none-eabi/7.3.1/../../../../arm-none-eabi/lib/thumb/v7e-m/fpv4-sp/hard\libstdc++_nano.a
LOAD c:/st/stm32cubeide_1.2.0/stm32cubeide/plugins/com.st.stm32cube.ide.mcu.externaltools.gnu-tools-for-stm32.7-2018-q2-update.win32_1.0.0.201904181610/tools/bin/../lib/gcc/arm-none-eabi/7.3.1/../../../../arm-none-eabi/lib/thumb/v7e-m/fpv4-sp/hard\libm.a
LOAD c:/st/stm32cubeide_1.2.0/stm32cubeide/plugins/com.st.stm32cube.ide.mcu.externaltools.gnu-tools-for-stm32.7-2018-q2-update.win32_1.0.0.201904181610/tools/bin/../lib/gcc/arm-none-eabi/7.3.1/../../../../arm-none-eabi/lib/thumb/v7e-m/fpv4-sp/hard\libc_nano.a
START GROUP
LOAD c:/st/stm32cubeide_1.2.0/stm32cubeide/plugins/com.st.stm32cube.ide.mcu.externaltools.gnu-tools-for-stm32.7-2018-q2-update.win32_1.0.0.201904181610/tools/bin/../lib/gcc/arm-none-eabi/7.3.1/thumb/v7e-m/fpv4-sp/hard\libgcc.a
LOAD c:/st/stm32cubeide_1.2.0/stm32cubeide/plugins/com.st.stm32cube.ide.mcu.externaltools.gnu-tools-for-stm32.7-2018-q2-update.win32_1.0.0.201904181610/tools/bin/../lib/gcc/arm-none-eabi/7.3.1/../../../../arm-none-eabi/lib/thumb/v7e-m/fpv4-sp/hard\libc_nano.a
END GROUP
START GROUP
LOAD c:/st/stm32cubeide_1.2.0/stm32cubeide/plugins/com.st.stm32cube.ide.mcu.externaltools.gnu-tools-for-stm32.7-2018-q2-update.win32_1.0.0.201904181610/tools/bin/../lib/gcc/arm-none-eabi/7.3.1/thumb/v7e-m/fpv4-sp/hard\libgcc.a
LOAD c:/st/stm32cubeide_1.2.0/stm32cubeide/plugins/com.st.stm32cube.ide.mcu.externaltools.gnu-tools-for-stm32.7-2018-q2-update.win32_1.0.0.201904181610/tools/bin/../lib/gcc/arm-none-eabi/7.3.1/../../../../arm-none-eabi/lib/thumb/v7e-m/fpv4-sp/hard\libc_nano.a
LOAD c:/st/stm32cubeide_1.2.0/stm32cubeide/plugins/com.st.stm32cube.ide.mcu.externaltools.gnu-tools-for-stm32.7-2018-q2-update.win32_1.0.0.201904181610/tools/bin/../lib/gcc/arm-none-eabi/7.3.1/../../../../arm-none-eabi/lib/thumb/v7e-m/fpv4-sp/hard\libnosys.a
END GROUP
START GROUP
LOAD c:/st/stm32cubeide_1.2.0/stm32cubeide/plugins/com.st.stm32cube.ide.mcu.externaltools.gnu-tools-for-stm32.7-2018-q2-update.win32_1.0.0.201904181610/tools/bin/../lib/gcc/arm-none-eabi/7.3.1/thumb/v7e-m/fpv4-sp/hard\libgcc.a
LOAD c:/st/stm32cubeide_1.2.0/stm32cubeide/plugins/com.st.stm32cube.ide.mcu.externaltools.gnu-tools-for-stm32.7-2018-q2-update.win32_1.0.0.201904181610/tools/bin/../lib/gcc/arm-none-eabi/7.3.1/../../../../arm-none-eabi/lib/thumb/v7e-m/fpv4-sp/hard\libc_nano.a
LOAD c:/st/stm32cubeide_1.2.0/stm32cubeide/plugins/com.st.stm32cube.ide.mcu.externaltools.gnu-tools-for-stm32.7-2018-q2-update.win32_1.0.0.201904181610/tools/bin/../lib/gcc/arm-none-eabi/7.3.1/../../../../arm-none-eabi/lib/thumb/v7e-m/fpv4-sp/hard\libnosys.a
END GROUP
LOAD c:/st/stm32cubeide_1.2.0/stm32cubeide/plugins/com.st.stm32cube.ide.mcu.externaltools.gnu-tools-for-stm32.7-2018-q2-update.win32_1.0.0.201904181610/tools/bin/../lib/gcc/arm-none-eabi/7.3.1/thumb/v7e-m/fpv4-sp/hard/crtend.o
LOAD c:/st/stm32cubeide_1.2.0/stm32cubeide/plugins/com.st.stm32cube.ide.mcu.externaltools.gnu-tools-for-stm32.7-2018-q2-update.win32_1.0.0.201904181610/tools/bin/../lib/gcc/arm-none-eabi/7.3.1/thumb/v7e-m/fpv4-sp/hard/crtn.o
                0x0000000020020000                _estack = (ORIGIN (RAM) + LENGTH (RAM))
                0x0000000000000200                _Min_Heap_Size = 0x200
                0x0000000000000400                _Min_Stack_Size = 0x400

.isr_vector     0x0000000008000000      0x188
                0x0000000008000000                . = ALIGN (0x4)
 *(.isr_vector)
 .isr_vector    0x0000000008000000      0x188 Core/Startup/startup_stm32f407vgtx.o
                0x0000000008000000                g_pfnVectors
                0x0000000008000188                . = ALIGN (0x4)

.text           0x0000000008000188     0x3718
                0x0000000008000188                . = ALIGN (0x4)
 *(.text)
 .text          0x0000000008000188       0x40 c:/st/stm32cubeide_1.2.0/stm32cubeide/plugins/com.st.stm32cube.ide.mcu.externaltools.gnu-tools-for-stm32.7-2018-q2-update.win32_1.0.0.201904181610/tools/bin/../lib/gcc/arm-none-eabi/7.3.1/thumb/v7e-m/fpv4-sp/hard/crtbegin.o
 .text          0x00000000080001c8      0x378 c:/st/stm32cubeide_1.2.0/stm32cubeide/plugins/com.st.stm32cube.ide.mcu.externaltools.gnu-tools-for-stm32.7-2018-q2-update.win32_1.0.0.201904181610/tools/bin/../lib/gcc/arm-none-eabi/7.3.1/thumb/v7e-m/fpv4-sp/hard\libgcc.a(_arm_addsubdf3.o)
                0x00000000080001c8                __aeabi_drsub
                0x00000000080001d0                __aeabi_dsub
                0x00000000080001d0                __subdf3
                0x00000000080001d4                __aeabi_dadd
                0x00000000080001d4                __adddf3
                0x000000000800044c                __floatunsidf
                0x000000000800044c                __aeabi_ui2d
                0x000000000800046c                __floatsidf
                0x000000000800046c                __aeabi_i2d
                0x0000000008000490                __aeabi_f2d
                0x0000000008000490                __extendsfdf2
                0x00000000080004d4                __floatundidf
                0x00000000080004d4                __aeabi_ul2d
                0x00000000080004e4                __floatdidf
                0x00000000080004e4                __aeabi_l2d
 .text          0x0000000008000540      0x424 c:/st/stm32cubeide_1.2.0/stm32cubeide/plugins/com.st.stm32cube.ide.mcu.externaltools.gnu-tools-for-stm32.7-2018-q2-update.win32_1.0.0.201904181610/tools/bin/../lib/gcc/arm-none-eabi/7.3.1/thumb/v7e-m/fpv4-sp/hard\libgcc.a(_arm_muldivdf3.o)
                0x0000000008000540                __aeabi_dmul
                0x0000000008000540                __muldf3
                0x0000000008000794                __divdf3
                0x0000000008000794                __aeabi_ddiv
 .text          0x0000000008000964       0xa0 c:/st/stm32cubeide_1.2.0/stm32cubeide/plugins/com.st.stm32cube.ide.mcu.externaltools.gnu-tools-for-stm32.7-2018-q2-update.win32_1.0.0.201904181610/tools/bin/../lib/gcc/arm-none-eabi/7.3.1/thumb/v7e-m/fpv4-sp/hard\libgcc.a(_arm_truncdfsf2.o)
                0x0000000008000964                __truncdfsf2
                0x0000000008000964                __aeabi_d2f
 .text          0x0000000008000a04       0x30 c:/st/stm32cubeide_1.2.0/stm32cubeide/plugins/com.st.stm32cube.ide.mcu.externaltools.gnu-tools-for-stm32.7-2018-q2-update.win32_1.0.0.201904181610/tools/bin/../lib/gcc/arm-none-eabi/7.3.1/thumb/v7e-m/fpv4-sp/hard\libgcc.a(_aeabi_uldivmod.o)
                0x0000000008000a04                __aeabi_uldivmod
 .text          0x0000000008000a34      0x2cc c:/st/stm32cubeide_1.2.0/stm32cubeide/plugins/com.st.stm32cube.ide.mcu.externaltools.gnu-tools-for-stm32.7-2018-q2-update.win32_1.0.0.201904181610/tools/bin/../lib/gcc/arm-none-eabi/7.3.1/thumb/v7e-m/fpv4-sp/hard\libgcc.a(_udivmoddi4.o)
                0x0000000008000a34                __udivmoddi4
 .text          0x0000000008000d00        0x4 c:/st/stm32cubeide_1.2.0/stm32cubeide/plugins/com.st.stm32cube.ide.mcu.externaltools.gnu-tools-for-stm32.7-2018-q2-update.win32_1.0.0.201904181610/tools/bin/../lib/gcc/arm-none-eabi/7.3.1/thumb/v7e-m/fpv4-sp/hard\libgcc.a(_dvmd_tls.o)
                0x0000000008000d00                __aeabi_idiv0
                0x0000000008000d00                __aeabi_ldiv0
 *(.text*)
 .text.__NVIC_EnableIRQ
                0x0000000008000d04       0x40 Core/Src/main.o
 .text._ZN6CanDrv4InitENS_8BaudRateE
                0x0000000008000d44       0x3e Core/Src/main.o
                0x0000000008000d44                CanDrv::Init(CanDrv::BaudRate)
 *fill*         0x0000000008000d82        0x2 
 .text._ZN6CanDrv12InitHardwareENS_8BaudRateE
                0x0000000008000d84      0x19c Core/Src/main.o
                0x0000000008000d84                CanDrv::InitHardware(CanDrv::BaudRate)
 .text._ZN6CanDrv11SendTriggerEv
                0x0000000008000f20       0x3c Core/Src/main.o
                0x0000000008000f20                CanDrv::SendTrigger()
 .text._ZN6CanDrv17SelectFreeMailboxEv
                0x0000000008000f5c       0x60 Core/Src/main.o
                0x0000000008000f5c                CanDrv::SelectFreeMailbox()
 .text._ZN6CanDrv7ReceiveEv
                0x0000000008000fbc       0xe4 Core/Src/main.o
                0x0000000008000fbc                CanDrv::Receive()
 .text._ZN6CanDrv8GetRxMsgEv
                0x00000000080010a0       0x74 Core/Src/main.o
                0x00000000080010a0                CanDrv::GetRxMsg()
 .text._ZN6CanDrv8SetTxMsgER6CanMsg
                0x0000000008001114       0x4c Core/Src/main.o
                0x0000000008001114                CanDrv::SetTxMsg(CanMsg&)
 .text._ZN6CanDrv8GetTxMsgEv
                0x0000000008001160       0x58 Core/Src/main.o
                0x0000000008001160                CanDrv::GetTxMsg()
 .text._ZN6CanDrv9SendStartEv
                0x00000000080011b8      0x10c Core/Src/main.o
                0x00000000080011b8                CanDrv::SendStart()
 .text._ZN6CanDrv8IrqWriteEv
                0x00000000080012c4       0x8c Core/Src/main.o
                0x00000000080012c4                CanDrv::IrqWrite()
 .text._ZN6CanDrv7IrqReadEv
                0x0000000008001350       0x16 Core/Src/main.o
                0x0000000008001350                CanDrv::IrqRead()
 .text._Z11SetSynchObjP6CanDrv
                0x0000000008001366       0x2c Core/Src/main.o
                0x0000000008001366                SetSynchObj(CanDrv*)
 .text._Z8DataCopyPhS_t
                0x0000000008001392       0x3e Core/Src/main.o
                0x0000000008001392                DataCopy(unsigned char*, unsigned char*, unsigned short)
 .text._ZN3SdoC2EP6CanDrvt
                0x00000000080013d0       0x5c Core/Src/main.o
                0x00000000080013d0                Sdo::Sdo(CanDrv*, unsigned short)
                0x00000000080013d0                Sdo::Sdo(CanDrv*, unsigned short)
 .text._ZN3Sdo5ResetEv
                0x000000000800142c       0x34 Core/Src/main.o
                0x000000000800142c                Sdo::Reset()
 .text._ZN3Sdo11PushCommandERK6SdoCmd
                0x0000000008001460       0x5a Core/Src/main.o
                0x0000000008001460                Sdo::PushCommand(SdoCmd const&)
 .text._ZN3Sdo11PrepareDataEv
                0x00000000080014ba       0x94 Core/Src/main.o
                0x00000000080014ba                Sdo::PrepareData()
 .text._ZN3Sdo13StartSequenceEv
                0x000000000800154e       0x2e Core/Src/main.o
                0x000000000800154e                Sdo::StartSequence()
 .text._ZN3Sdo16StackWriteUpdateEv
                0x000000000800157c      0x128 Core/Src/main.o
                0x000000000800157c                Sdo::StackWriteUpdate()
 .text._ZN3PdoC2EP6CanDrvt
                0x00000000080016a4       0x8c Core/Src/main.o
                0x00000000080016a4                Pdo::Pdo(CanDrv*, unsigned short)
                0x00000000080016a4                Pdo::Pdo(CanDrv*, unsigned short)
 .text._ZN3Pdo4SendENS_6PdoObjE
                0x0000000008001730       0x82 Core/Src/main.o
                0x0000000008001730                Pdo::Send(Pdo::PdoObj)
 .text._ZN3NmtC2EP6CanDrvt
                0x00000000080017b2       0x28 Core/Src/main.o
                0x00000000080017b2                Nmt::Nmt(CanDrv*, unsigned short)
                0x00000000080017b2                Nmt::Nmt(CanDrv*, unsigned short)
 .text._ZN3Nmt15GoToOperationalEv
                0x00000000080017da       0x38 Core/Src/main.o
                0x00000000080017da                Nmt::GoToOperational()
 .text._ZN13MiControlCmds10ClearErrorEv
                0x0000000008001812       0x70 Core/Src/main.o
                0x0000000008001812                MiControlCmds::ClearError()
 .text._ZN13MiControlCmds12RestoreParamEv
                0x0000000008001882       0x70 Core/Src/main.o
                0x0000000008001882                MiControlCmds::RestoreParam()
 .text._ZN13MiControlCmds11MotorEnableEv
                0x00000000080018f2       0x74 Core/Src/main.o
                0x00000000080018f2                MiControlCmds::MotorEnable()
 .text._ZN8MotorDrvC2EP6CanDrvh
                0x0000000008001966       0x6c Core/Src/main.o
                0x0000000008001966                MotorDrv::MotorDrv(CanDrv*, unsigned char)
                0x0000000008001966                MotorDrv::MotorDrv(CanDrv*, unsigned char)
 .text._ZN8MotorDrv10SetPdoCmdsEv
                0x00000000080019d2       0x1c Core/Src/main.o
                0x00000000080019d2                MotorDrv::SetPdoCmds()
 .text._ZN8MotorDrv9ConfigureEv
                0x00000000080019ee       0x60 Core/Src/main.o
                0x00000000080019ee                MotorDrv::Configure()
 .text._ZN8MotorDrv10SetCurrentEv
                0x0000000008001a4e       0x32 Core/Src/main.o
                0x0000000008001a4e                MotorDrv::SetCurrent()
 .text._ZN8MotorDrv12ReadPositionEPV6CanMsg
                0x0000000008001a80       0x32 Core/Src/main.o
                0x0000000008001a80                MotorDrv::ReadPosition(CanMsg volatile*)
 .text._ZN8MotorDrv11ReadCurrentEPV6CanMsg
                0x0000000008001ab2       0x2e Core/Src/main.o
                0x0000000008001ab2                MotorDrv::ReadCurrent(CanMsg volatile*)
 .text._ZN3Led12HardwareInitEv
                0x0000000008001ae0       0x30 Core/Src/main.o
                0x0000000008001ae0                Led::HardwareInit()
 .text._ZN3Led4InitEv
                0x0000000008001b10        0xc Core/Src/main.o
                0x0000000008001b10                Led::Init()
 .text._ZN3Led6YellowEv
                0x0000000008001b1c       0x14 Core/Src/main.o
                0x0000000008001b1c                Led::Yellow()
 .text._Z16motorCanSendDataPP8MotorDrvh
                0x0000000008001b30      0x134 Core/Src/main.o
                0x0000000008001b30                motorCanSendData(MotorDrv**, unsigned char)
 .text._Z13motorReadDataP8MotorDrvPV6CanMsgt
                0x0000000008001c64       0x64 Core/Src/main.o
                0x0000000008001c64                motorReadData(MotorDrv*, CanMsg volatile*, unsigned short)
 .text.main     0x0000000008001cc8      0x270 Core/Src/main.o
                0x0000000008001cc8                main
 .text._Z18SystemClock_Configv
                0x0000000008001f38       0xe8 Core/Src/main.o
                0x0000000008001f38                SystemClock_Config()
 .text._ZL12MX_GPIO_Initv
                0x0000000008002020       0x34 Core/Src/main.o
 .text.SysTick_Handler
                0x0000000008002054       0x50 Core/Src/main.o
                0x0000000008002054                SysTick_Handler
 .text.CAN1_TX_IRQHandler
                0x00000000080020a4       0x14 Core/Src/main.o
                0x00000000080020a4                CAN1_TX_IRQHandler
 .text.CAN1_RX0_IRQHandler
                0x00000000080020b8       0x90 Core/Src/main.o
                0x00000000080020b8                CAN1_RX0_IRQHandler
 .text.Error_Handler
                0x0000000008002148        0xe Core/Src/main.o
                0x0000000008002148                Error_Handler
 .text._Z41__static_initialization_and_destruction_0ii
                0x0000000008002156       0x16 Core/Src/main.o
 .text._GLOBAL__sub_I_tick
                0x000000000800216c       0x10 Core/Src/main.o
 .text.HAL_MspInit
                0x000000000800217c       0x50 Core/Src/stm32f4xx_hal_msp.o
                0x000000000800217c                HAL_MspInit
 .text.NMI_Handler
                0x00000000080021cc        0xe Core/Src/stm32f4xx_it.o
                0x00000000080021cc                NMI_Handler
 .text.HardFault_Handler
                0x00000000080021da        0x6 Core/Src/stm32f4xx_it.o
                0x00000000080021da                HardFault_Handler
 .text.MemManage_Handler
                0x00000000080021e0        0x6 Core/Src/stm32f4xx_it.o
                0x00000000080021e0                MemManage_Handler
 .text.BusFault_Handler
                0x00000000080021e6        0x6 Core/Src/stm32f4xx_it.o
                0x00000000080021e6                BusFault_Handler
 .text.UsageFault_Handler
                0x00000000080021ec        0x6 Core/Src/stm32f4xx_it.o
                0x00000000080021ec                UsageFault_Handler
 .text.SVC_Handler
                0x00000000080021f2        0xe Core/Src/stm32f4xx_it.o
                0x00000000080021f2                SVC_Handler
 .text.DebugMon_Handler
                0x0000000008002200        0xe Core/Src/stm32f4xx_it.o
                0x0000000008002200                DebugMon_Handler
 .text.PendSV_Handler
                0x000000000800220e        0xe Core/Src/stm32f4xx_it.o
                0x000000000800220e                PendSV_Handler
 .text.SystemInit
                0x000000000800221c       0x2c Core/Src/system_stm32f4xx.o
                0x000000000800221c                SystemInit
 .text.Reset_Handler
                0x0000000008002248       0x50 Core/Startup/startup_stm32f407vgtx.o
                0x0000000008002248                Reset_Handler
 .text.Default_Handler
                0x0000000008002298        0x2 Core/Startup/startup_stm32f407vgtx.o
                0x0000000008002298                RTC_Alarm_IRQHandler
                0x0000000008002298                HASH_RNG_IRQHandler
                0x0000000008002298                EXTI2_IRQHandler
                0x0000000008002298                TIM8_CC_IRQHandler
                0x0000000008002298                TIM1_CC_IRQHandler
                0x0000000008002298                DMA2_Stream5_IRQHandler
                0x0000000008002298                DMA1_Stream5_IRQHandler
                0x0000000008002298                PVD_IRQHandler
                0x0000000008002298                SDIO_IRQHandler
                0x0000000008002298                TAMP_STAMP_IRQHandler
                0x0000000008002298                CAN2_RX1_IRQHandler
                0x0000000008002298                EXTI3_IRQHandler
                0x0000000008002298                TIM8_TRG_COM_TIM14_IRQHandler
                0x0000000008002298                TIM1_UP_TIM10_IRQHandler
                0x0000000008002298                TIM8_UP_TIM13_IRQHandler
                0x0000000008002298                I2C3_ER_IRQHandler
                0x0000000008002298                EXTI0_IRQHandler
                0x0000000008002298                I2C2_EV_IRQHandler
                0x0000000008002298                DMA1_Stream2_IRQHandler
                0x0000000008002298                FPU_IRQHandler
                0x0000000008002298                OTG_HS_WKUP_IRQHandler
                0x0000000008002298                CAN2_SCE_IRQHandler
                0x0000000008002298                DMA2_Stream2_IRQHandler
                0x0000000008002298                SPI1_IRQHandler
                0x0000000008002298                TIM6_DAC_IRQHandler
                0x0000000008002298                TIM1_BRK_TIM9_IRQHandler
                0x0000000008002298                DCMI_IRQHandler
                0x0000000008002298                CAN2_RX0_IRQHandler
                0x0000000008002298                DMA2_Stream3_IRQHandler
                0x0000000008002298                USART6_IRQHandler
                0x0000000008002298                USART3_IRQHandler
                0x0000000008002298                CAN1_RX1_IRQHandler
                0x0000000008002298                UART5_IRQHandler
                0x0000000008002298                DMA2_Stream0_IRQHandler
                0x0000000008002298                TIM4_IRQHandler
                0x0000000008002298                I2C1_EV_IRQHandler
                0x0000000008002298                DMA1_Stream6_IRQHandler
                0x0000000008002298                DMA1_Stream1_IRQHandler
                0x0000000008002298                UART4_IRQHandler
                0x0000000008002298                TIM3_IRQHandler
                0x0000000008002298                RCC_IRQHandler
                0x0000000008002298                TIM8_BRK_TIM12_IRQHandler
                0x0000000008002298                Default_Handler
                0x0000000008002298                EXTI15_10_IRQHandler
                0x0000000008002298                ADC_IRQHandler
                0x0000000008002298                DMA1_Stream7_IRQHandler
                0x0000000008002298                TIM7_IRQHandler
                0x0000000008002298                CAN2_TX_IRQHandler
                0x0000000008002298                TIM5_IRQHandler
                0x0000000008002298                DMA2_Stream7_IRQHandler
                0x0000000008002298                I2C3_EV_IRQHandler
                0x0000000008002298                EXTI9_5_IRQHandler
                0x0000000008002298                RTC_WKUP_IRQHandler
                0x0000000008002298                ETH_WKUP_IRQHandler
                0x0000000008002298                SPI2_IRQHandler
                0x0000000008002298                OTG_HS_EP1_IN_IRQHandler
                0x0000000008002298                DMA1_Stream0_IRQHandler
                0x0000000008002298                EXTI4_IRQHandler
                0x0000000008002298                FSMC_IRQHandler
                0x0000000008002298                ETH_IRQHandler
                0x0000000008002298                OTG_HS_EP1_OUT_IRQHandler
                0x0000000008002298                WWDG_IRQHandler
                0x0000000008002298                TIM2_IRQHandler
                0x0000000008002298                OTG_FS_WKUP_IRQHandler
                0x0000000008002298                TIM1_TRG_COM_TIM11_IRQHandler
                0x0000000008002298                OTG_HS_IRQHandler
                0x0000000008002298                EXTI1_IRQHandler
                0x0000000008002298                USART2_IRQHandler
                0x0000000008002298                I2C2_ER_IRQHandler
                0x0000000008002298                DMA2_Stream1_IRQHandler
                0x0000000008002298                CAN1_SCE_IRQHandler
                0x0000000008002298                FLASH_IRQHandler
                0x0000000008002298                DMA2_Stream4_IRQHandler
                0x0000000008002298                USART1_IRQHandler
                0x0000000008002298                OTG_FS_IRQHandler
                0x0000000008002298                SPI3_IRQHandler
                0x0000000008002298                DMA1_Stream4_IRQHandler
                0x0000000008002298                I2C1_ER_IRQHandler
                0x0000000008002298                DMA2_Stream6_IRQHandler
                0x0000000008002298                DMA1_Stream3_IRQHandler
 *fill*         0x000000000800229a        0x2 
 .text.HAL_Init
                0x000000000800229c       0x44 Drivers/STM32F4xx_HAL_Driver/Src/stm32f4xx_hal.o
                0x000000000800229c                HAL_Init
 .text.HAL_InitTick
                0x00000000080022e0       0x60 Drivers/STM32F4xx_HAL_Driver/Src/stm32f4xx_hal.o
                0x00000000080022e0                HAL_InitTick
 .text.HAL_GetTick
                0x0000000008002340       0x18 Drivers/STM32F4xx_HAL_Driver/Src/stm32f4xx_hal.o
                0x0000000008002340                HAL_GetTick
 .text.__NVIC_SetPriorityGrouping
                0x0000000008002358       0x48 Drivers/STM32F4xx_HAL_Driver/Src/stm32f4xx_hal_cortex.o
 .text.__NVIC_GetPriorityGrouping
                0x00000000080023a0       0x1c Drivers/STM32F4xx_HAL_Driver/Src/stm32f4xx_hal_cortex.o
 .text.__NVIC_SetPriority
                0x00000000080023bc       0x54 Drivers/STM32F4xx_HAL_Driver/Src/stm32f4xx_hal_cortex.o
 .text.NVIC_EncodePriority
                0x0000000008002410       0x66 Drivers/STM32F4xx_HAL_Driver/Src/stm32f4xx_hal_cortex.o
 *fill*         0x0000000008002476        0x2 
 .text.SysTick_Config
                0x0000000008002478       0x44 Drivers/STM32F4xx_HAL_Driver/Src/stm32f4xx_hal_cortex.o
 .text.HAL_NVIC_SetPriorityGrouping
                0x00000000080024bc       0x16 Drivers/STM32F4xx_HAL_Driver/Src/stm32f4xx_hal_cortex.o
                0x00000000080024bc                HAL_NVIC_SetPriorityGrouping
 .text.HAL_NVIC_SetPriority
                0x00000000080024d2       0x38 Drivers/STM32F4xx_HAL_Driver/Src/stm32f4xx_hal_cortex.o
                0x00000000080024d2                HAL_NVIC_SetPriority
 .text.HAL_SYSTICK_Config
                0x000000000800250a       0x18 Drivers/STM32F4xx_HAL_Driver/Src/stm32f4xx_hal_cortex.o
                0x000000000800250a                HAL_SYSTICK_Config
 *fill*         0x0000000008002522        0x2 
 .text.HAL_RCC_OscConfig
                0x0000000008002524      0x4e0 Drivers/STM32F4xx_HAL_Driver/Src/stm32f4xx_hal_rcc.o
                0x0000000008002524                HAL_RCC_OscConfig
 .text.HAL_RCC_ClockConfig
                0x0000000008002a04      0x1cc Drivers/STM32F4xx_HAL_Driver/Src/stm32f4xx_hal_rcc.o
                0x0000000008002a04                HAL_RCC_ClockConfig
 .text.HAL_RCC_GetSysClockFreq
                0x0000000008002bd0      0x1b0 Drivers/STM32F4xx_HAL_Driver/Src/stm32f4xx_hal_rcc.o
                0x0000000008002bd0                HAL_RCC_GetSysClockFreq
 .text.sinf     0x0000000008002d80       0x84 c:/st/stm32cubeide_1.2.0/stm32cubeide/plugins/com.st.stm32cube.ide.mcu.externaltools.gnu-tools-for-stm32.7-2018-q2-update.win32_1.0.0.201904181610/tools/bin/../lib/gcc/arm-none-eabi/7.3.1/../../../../arm-none-eabi/lib/thumb/v7e-m/fpv4-sp/hard\libm.a(lib_a-sf_sin.o)
                0x0000000008002d80                sinf
 .text.__ieee754_rem_pio2f
                0x0000000008002e04      0x258 c:/st/stm32cubeide_1.2.0/stm32cubeide/plugins/com.st.stm32cube.ide.mcu.externaltools.gnu-tools-for-stm32.7-2018-q2-update.win32_1.0.0.201904181610/tools/bin/../lib/gcc/arm-none-eabi/7.3.1/../../../../arm-none-eabi/lib/thumb/v7e-m/fpv4-sp/hard\libm.a(lib_a-ef_rem_pio2.o)
                0x0000000008002e04                __ieee754_rem_pio2f
 .text.__kernel_cosf
                0x000000000800305c       0xbc c:/st/stm32cubeide_1.2.0/stm32cubeide/plugins/com.st.stm32cube.ide.mcu.externaltools.gnu-tools-for-stm32.7-2018-q2-update.win32_1.0.0.201904181610/tools/bin/../lib/gcc/arm-none-eabi/7.3.1/../../../../arm-none-eabi/lib/thumb/v7e-m/fpv4-sp/hard\libm.a(lib_a-kf_cos.o)
                0x000000000800305c                __kernel_cosf
 .text.__kernel_rem_pio2f
                0x0000000008003118      0x504 c:/st/stm32cubeide_1.2.0/stm32cubeide/plugins/com.st.stm32cube.ide.mcu.externaltools.gnu-tools-for-stm32.7-2018-q2-update.win32_1.0.0.201904181610/tools/bin/../lib/gcc/arm-none-eabi/7.3.1/../../../../arm-none-eabi/lib/thumb/v7e-m/fpv4-sp/hard\libm.a(lib_a-kf_rem_pio2.o)
                0x0000000008003118                __kernel_rem_pio2f
 .text.__kernel_sinf
                0x000000000800361c       0x90 c:/st/stm32cubeide_1.2.0/stm32cubeide/plugins/com.st.stm32cube.ide.mcu.externaltools.gnu-tools-for-stm32.7-2018-q2-update.win32_1.0.0.201904181610/tools/bin/../lib/gcc/arm-none-eabi/7.3.1/../../../../arm-none-eabi/lib/thumb/v7e-m/fpv4-sp/hard\libm.a(lib_a-kf_sin.o)
                0x000000000800361c                __kernel_sinf
 .text.fabsf    0x00000000080036ac        0xe c:/st/stm32cubeide_1.2.0/stm32cubeide/plugins/com.st.stm32cube.ide.mcu.externaltools.gnu-tools-for-stm32.7-2018-q2-update.win32_1.0.0.201904181610/tools/bin/../lib/gcc/arm-none-eabi/7.3.1/../../../../arm-none-eabi/lib/thumb/v7e-m/fpv4-sp/hard\libm.a(lib_a-sf_fabs.o)
                0x00000000080036ac                fabsf
 *fill*         0x00000000080036ba        0x2 
 .text.floorf   0x00000000080036bc       0x84 c:/st/stm32cubeide_1.2.0/stm32cubeide/plugins/com.st.stm32cube.ide.mcu.externaltools.gnu-tools-for-stm32.7-2018-q2-update.win32_1.0.0.201904181610/tools/bin/../lib/gcc/arm-none-eabi/7.3.1/../../../../arm-none-eabi/lib/thumb/v7e-m/fpv4-sp/hard\libm.a(lib_a-sf_floor.o)
                0x00000000080036bc                floorf
 .text.scalbnf  0x0000000008003740       0xc0 c:/st/stm32cubeide_1.2.0/stm32cubeide/plugins/com.st.stm32cube.ide.mcu.externaltools.gnu-tools-for-stm32.7-2018-q2-update.win32_1.0.0.201904181610/tools/bin/../lib/gcc/arm-none-eabi/7.3.1/../../../../arm-none-eabi/lib/thumb/v7e-m/fpv4-sp/hard\libm.a(lib_a-sf_scalbn.o)
                0x0000000008003740                scalbnf
 .text.copysignf
                0x0000000008003800       0x18 c:/st/stm32cubeide_1.2.0/stm32cubeide/plugins/com.st.stm32cube.ide.mcu.externaltools.gnu-tools-for-stm32.7-2018-q2-update.win32_1.0.0.201904181610/tools/bin/../lib/gcc/arm-none-eabi/7.3.1/../../../../arm-none-eabi/lib/thumb/v7e-m/fpv4-sp/hard\libm.a(lib_a-sf_copysign.o)
                0x0000000008003800                copysignf
 .text.__libc_init_array
                0x0000000008003818       0x48 c:/st/stm32cubeide_1.2.0/stm32cubeide/plugins/com.st.stm32cube.ide.mcu.externaltools.gnu-tools-for-stm32.7-2018-q2-update.win32_1.0.0.201904181610/tools/bin/../lib/gcc/arm-none-eabi/7.3.1/../../../../arm-none-eabi/lib/thumb/v7e-m/fpv4-sp/hard\libc_nano.a(lib_a-init.o)
                0x0000000008003818                __libc_init_array
 .text.memcpy   0x0000000008003860       0x16 c:/st/stm32cubeide_1.2.0/stm32cubeide/plugins/com.st.stm32cube.ide.mcu.externaltools.gnu-tools-for-stm32.7-2018-q2-update.win32_1.0.0.201904181610/tools/bin/../lib/gcc/arm-none-eabi/7.3.1/../../../../arm-none-eabi/lib/thumb/v7e-m/fpv4-sp/hard\libc_nano.a(lib_a-memcpy-stub.o)
                0x0000000008003860                memcpy
 .text.memset   0x0000000008003876       0x10 c:/st/stm32cubeide_1.2.0/stm32cubeide/plugins/com.st.stm32cube.ide.mcu.externaltools.gnu-tools-for-stm32.7-2018-q2-update.win32_1.0.0.201904181610/tools/bin/../lib/gcc/arm-none-eabi/7.3.1/../../../../arm-none-eabi/lib/thumb/v7e-m/fpv4-sp/hard\libc_nano.a(lib_a-memset.o)
                0x0000000008003876                memset
 *(.glue_7)
 .glue_7        0x0000000008003886        0x0 linker stubs
 *(.glue_7t)
 .glue_7t       0x0000000008003886        0x0 linker stubs
 *(.eh_frame)
 *fill*         0x0000000008003886        0x2 
 .eh_frame      0x0000000008003888        0x0 c:/st/stm32cubeide_1.2.0/stm32cubeide/plugins/com.st.stm32cube.ide.mcu.externaltools.gnu-tools-for-stm32.7-2018-q2-update.win32_1.0.0.201904181610/tools/bin/../lib/gcc/arm-none-eabi/7.3.1/thumb/v7e-m/fpv4-sp/hard/crtbegin.o
 *(.init)
 .init          0x0000000008003888        0x4 c:/st/stm32cubeide_1.2.0/stm32cubeide/plugins/com.st.stm32cube.ide.mcu.externaltools.gnu-tools-for-stm32.7-2018-q2-update.win32_1.0.0.201904181610/tools/bin/../lib/gcc/arm-none-eabi/7.3.1/thumb/v7e-m/fpv4-sp/hard/crti.o
                0x0000000008003888                _init
 .init          0x000000000800388c        0x8 c:/st/stm32cubeide_1.2.0/stm32cubeide/plugins/com.st.stm32cube.ide.mcu.externaltools.gnu-tools-for-stm32.7-2018-q2-update.win32_1.0.0.201904181610/tools/bin/../lib/gcc/arm-none-eabi/7.3.1/thumb/v7e-m/fpv4-sp/hard/crtn.o
 *(.fini)
 .fini          0x0000000008003894        0x4 c:/st/stm32cubeide_1.2.0/stm32cubeide/plugins/com.st.stm32cube.ide.mcu.externaltools.gnu-tools-for-stm32.7-2018-q2-update.win32_1.0.0.201904181610/tools/bin/../lib/gcc/arm-none-eabi/7.3.1/thumb/v7e-m/fpv4-sp/hard/crti.o
                0x0000000008003894                _fini
 .fini          0x0000000008003898        0x8 c:/st/stm32cubeide_1.2.0/stm32cubeide/plugins/com.st.stm32cube.ide.mcu.externaltools.gnu-tools-for-stm32.7-2018-q2-update.win32_1.0.0.201904181610/tools/bin/../lib/gcc/arm-none-eabi/7.3.1/thumb/v7e-m/fpv4-sp/hard/crtn.o
                0x00000000080038a0                . = ALIGN (0x4)
                0x00000000080038a0                _etext = .

.vfp11_veneer   0x00000000080038a0        0x0
 .vfp11_veneer  0x00000000080038a0        0x0 linker stubs

.v4_bx          0x00000000080038a0        0x0
 .v4_bx         0x00000000080038a0        0x0 linker stubs

.iplt           0x00000000080038a0        0x0
 .iplt          0x00000000080038a0        0x0 c:/st/stm32cubeide_1.2.0/stm32cubeide/plugins/com.st.stm32cube.ide.mcu.externaltools.gnu-tools-for-stm32.7-2018-q2-update.win32_1.0.0.201904181610/tools/bin/../lib/gcc/arm-none-eabi/7.3.1/thumb/v7e-m/fpv4-sp/hard/crtbegin.o

.rodata         0x00000000080038a0      0x3e0
                0x00000000080038a0                . = ALIGN (0x4)
 *(.rodata)
 *(.rodata*)
 .rodata.AHBPrescTable
                0x00000000080038a0       0x10 Core/Src/system_stm32f4xx.o
                0x00000000080038a0                AHBPrescTable
 .rodata.npio2_hw
                0x00000000080038b0       0x80 c:/st/stm32cubeide_1.2.0/stm32cubeide/plugins/com.st.stm32cube.ide.mcu.externaltools.gnu-tools-for-stm32.7-2018-q2-update.win32_1.0.0.201904181610/tools/bin/../lib/gcc/arm-none-eabi/7.3.1/../../../../arm-none-eabi/lib/thumb/v7e-m/fpv4-sp/hard\libm.a(lib_a-ef_rem_pio2.o)
 .rodata.two_over_pi
                0x0000000008003930      0x318 c:/st/stm32cubeide_1.2.0/stm32cubeide/plugins/com.st.stm32cube.ide.mcu.externaltools.gnu-tools-for-stm32.7-2018-q2-update.win32_1.0.0.201904181610/tools/bin/../lib/gcc/arm-none-eabi/7.3.1/../../../../arm-none-eabi/lib/thumb/v7e-m/fpv4-sp/hard\libm.a(lib_a-ef_rem_pio2.o)
 .rodata.PIo2   0x0000000008003c48       0x2c c:/st/stm32cubeide_1.2.0/stm32cubeide/plugins/com.st.stm32cube.ide.mcu.externaltools.gnu-tools-for-stm32.7-2018-q2-update.win32_1.0.0.201904181610/tools/bin/../lib/gcc/arm-none-eabi/7.3.1/../../../../arm-none-eabi/lib/thumb/v7e-m/fpv4-sp/hard\libm.a(lib_a-kf_rem_pio2.o)
 .rodata.init_jk
                0x0000000008003c74        0xc c:/st/stm32cubeide_1.2.0/stm32cubeide/plugins/com.st.stm32cube.ide.mcu.externaltools.gnu-tools-for-stm32.7-2018-q2-update.win32_1.0.0.201904181610/tools/bin/../lib/gcc/arm-none-eabi/7.3.1/../../../../arm-none-eabi/lib/thumb/v7e-m/fpv4-sp/hard\libm.a(lib_a-kf_rem_pio2.o)
                0x0000000008003c80                . = ALIGN (0x4)

.ARM.extab      0x0000000008003c80        0x0
                0x0000000008003c80                . = ALIGN (0x4)
 *(.ARM.extab* .gnu.linkonce.armextab.*)
                0x0000000008003c80                . = ALIGN (0x4)

.ARM            0x0000000008003c80        0x8
                0x0000000008003c80                . = ALIGN (0x4)
                0x0000000008003c80                __exidx_start = .
 *(.ARM.exidx*)
 .ARM.exidx     0x0000000008003c80        0x8 c:/st/stm32cubeide_1.2.0/stm32cubeide/plugins/com.st.stm32cube.ide.mcu.externaltools.gnu-tools-for-stm32.7-2018-q2-update.win32_1.0.0.201904181610/tools/bin/../lib/gcc/arm-none-eabi/7.3.1/thumb/v7e-m/fpv4-sp/hard\libgcc.a(_udivmoddi4.o)
                0x0000000008003c88                __exidx_end = .
                0x0000000008003c88                . = ALIGN (0x4)

.rel.dyn        0x0000000008003c88        0x0
 .rel.iplt      0x0000000008003c88        0x0 c:/st/stm32cubeide_1.2.0/stm32cubeide/plugins/com.st.stm32cube.ide.mcu.externaltools.gnu-tools-for-stm32.7-2018-q2-update.win32_1.0.0.201904181610/tools/bin/../lib/gcc/arm-none-eabi/7.3.1/thumb/v7e-m/fpv4-sp/hard/crtbegin.o

.preinit_array  0x0000000008003c88        0x0
                0x0000000008003c88                . = ALIGN (0x4)
                0x0000000008003c88                PROVIDE (__preinit_array_start = .)
 *(.preinit_array*)
                0x0000000008003c88                PROVIDE (__preinit_array_end = .)
                0x0000000008003c88                . = ALIGN (0x4)

.init_array     0x0000000008003c88        0x8
                0x0000000008003c88                . = ALIGN (0x4)
                0x0000000008003c88                PROVIDE (__init_array_start = .)
 *(SORT_BY_NAME(.init_array.*))
 *(.init_array*)
 .init_array    0x0000000008003c88        0x4 c:/st/stm32cubeide_1.2.0/stm32cubeide/plugins/com.st.stm32cube.ide.mcu.externaltools.gnu-tools-for-stm32.7-2018-q2-update.win32_1.0.0.201904181610/tools/bin/../lib/gcc/arm-none-eabi/7.3.1/thumb/v7e-m/fpv4-sp/hard/crtbegin.o
 .init_array    0x0000000008003c8c        0x4 Core/Src/main.o
                0x0000000008003c90                PROVIDE (__init_array_end = .)
                0x0000000008003c90                . = ALIGN (0x4)

.fini_array     0x0000000008003c90        0x4
                0x0000000008003c90                . = ALIGN (0x4)
                [!provide]                        PROVIDE (__fini_array_start = .)
 *(SORT_BY_NAME(.fini_array.*))
 *(.fini_array*)
 .fini_array    0x0000000008003c90        0x4 c:/st/stm32cubeide_1.2.0/stm32cubeide/plugins/com.st.stm32cube.ide.mcu.externaltools.gnu-tools-for-stm32.7-2018-q2-update.win32_1.0.0.201904181610/tools/bin/../lib/gcc/arm-none-eabi/7.3.1/thumb/v7e-m/fpv4-sp/hard/crtbegin.o
                [!provide]                        PROVIDE (__fini_array_end = .)
                0x0000000008003c94                . = ALIGN (0x4)
                0x0000000008003c94                _sidata = LOADADDR (.data)

.data           0x0000000020000000        0xc load address 0x0000000008003c94
                0x0000000020000000                . = ALIGN (0x4)
                0x0000000020000000                _sdata = .
 *(.data)
 *(.data*)
 .data.SystemCoreClock
                0x0000000020000000        0x4 Core/Src/system_stm32f4xx.o
                0x0000000020000000                SystemCoreClock
 .data.uwTickPrio
                0x0000000020000004        0x4 Drivers/STM32F4xx_HAL_Driver/Src/stm32f4xx_hal.o
                0x0000000020000004                uwTickPrio
 .data.uwTickFreq
                0x0000000020000008        0x1 Drivers/STM32F4xx_HAL_Driver/Src/stm32f4xx_hal.o
                0x0000000020000008                uwTickFreq
                0x000000002000000c                . = ALIGN (0x4)
 *fill*         0x0000000020000009        0x3 
                0x000000002000000c                _edata = .

.igot.plt       0x000000002000000c        0x0 load address 0x0000000008003ca0
 .igot.plt      0x000000002000000c        0x0 c:/st/stm32cubeide_1.2.0/stm32cubeide/plugins/com.st.stm32cube.ide.mcu.externaltools.gnu-tools-for-stm32.7-2018-q2-update.win32_1.0.0.201904181610/tools/bin/../lib/gcc/arm-none-eabi/7.3.1/thumb/v7e-m/fpv4-sp/hard/crtbegin.o
                0x000000002000000c                . = ALIGN (0x4)

.bss            0x000000002000000c    0x1044c load address 0x0000000008003ca0
                0x000000002000000c                _sbss = .
                0x000000002000000c                __bss_start__ = _sbss
 *(.bss)
 .bss           0x000000002000000c       0x1c c:/st/stm32cubeide_1.2.0/stm32cubeide/plugins/com.st.stm32cube.ide.mcu.externaltools.gnu-tools-for-stm32.7-2018-q2-update.win32_1.0.0.201904181610/tools/bin/../lib/gcc/arm-none-eabi/7.3.1/thumb/v7e-m/fpv4-sp/hard/crtbegin.o
 *(.bss*)
 .bss.tick      0x0000000020000028        0x1 Core/Src/main.o
                0x0000000020000028                tick
 *fill*         0x0000000020000029        0x3 
 .bss.canDrv    0x000000002000002c      0x414 Core/Src/main.o
                0x000000002000002c                canDrv
 .bss.motor     0x0000000020000440        0x4 Core/Src/main.o
                0x0000000020000440                motor
 .bss.appClk    0x0000000020000444        0x4 Core/Src/main.o
                0x0000000020000444                appClk
 .bss.counter1  0x0000000020000448        0x4 Core/Src/main.o
                0x0000000020000448                counter1
 .bss.indexTable_1
                0x000000002000044c        0x4 Core/Src/main.o
                0x000000002000044c                indexTable_1
 .bss.indexTable_2
                0x0000000020000450        0x4 Core/Src/main.o
                0x0000000020000450                indexTable_2
 .bss.bufData_1
                0x0000000020000454     0x8000 Core/Src/main.o
                0x0000000020000454                bufData_1
 .bss.bufData_2
                0x0000000020008454     0x8000 Core/Src/main.o
                0x0000000020008454                bufData_2
 *(COMMON)
 COMMON         0x0000000020010454        0x4 Drivers/STM32F4xx_HAL_Driver/Src/stm32f4xx_hal.o
                0x0000000020010454                uwTick
                0x0000000020010458                . = ALIGN (0x4)
                0x0000000020010458                _ebss = .
                0x0000000020010458                __bss_end__ = _ebss

._user_heap_stack
                0x0000000020010458      0x600 load address 0x0000000008003ca0
                0x0000000020010458                . = ALIGN (0x8)
                0x0000000020010458                PROVIDE (end = .)
                [!provide]                        PROVIDE (_end = .)
                0x0000000020010658                . = (. + _Min_Heap_Size)
 *fill*         0x0000000020010458      0x200 
                0x0000000020010a58                . = (. + _Min_Stack_Size)
 *fill*         0x0000000020010658      0x400 
                0x0000000020010a58                . = ALIGN (0x8)

/DISCARD/
 libc.a(*)
 libm.a(*)
 libgcc.a(*)

.ARM.attributes
                0x0000000000000000       0x30
 *(.ARM.attributes)
 .ARM.attributes
                0x0000000000000000       0x22 c:/st/stm32cubeide_1.2.0/stm32cubeide/plugins/com.st.stm32cube.ide.mcu.externaltools.gnu-tools-for-stm32.7-2018-q2-update.win32_1.0.0.201904181610/tools/bin/../lib/gcc/arm-none-eabi/7.3.1/thumb/v7e-m/fpv4-sp/hard/crti.o
 .ARM.attributes
                0x0000000000000022       0x34 c:/st/stm32cubeide_1.2.0/stm32cubeide/plugins/com.st.stm32cube.ide.mcu.externaltools.gnu-tools-for-stm32.7-2018-q2-update.win32_1.0.0.201904181610/tools/bin/../lib/gcc/arm-none-eabi/7.3.1/thumb/v7e-m/fpv4-sp/hard/crtbegin.o
 .ARM.attributes
                0x0000000000000056       0x39 Core/Src/main.o
 .ARM.attributes
                0x000000000000008f       0x39 Core/Src/stm32f4xx_hal_msp.o
 .ARM.attributes
                0x00000000000000c8       0x39 Core/Src/stm32f4xx_it.o
 .ARM.attributes
                0x0000000000000101       0x39 Core/Src/system_stm32f4xx.o
 .ARM.attributes
                0x000000000000013a       0x21 Core/Startup/startup_stm32f407vgtx.o
 .ARM.attributes
                0x000000000000015b       0x39 Drivers/STM32F4xx_HAL_Driver/Src/stm32f4xx_hal.o
 .ARM.attributes
                0x0000000000000194       0x39 Drivers/STM32F4xx_HAL_Driver/Src/stm32f4xx_hal_cortex.o
 .ARM.attributes
                0x00000000000001cd       0x39 Drivers/STM32F4xx_HAL_Driver/Src/stm32f4xx_hal_rcc.o
 .ARM.attributes
                0x0000000000000206       0x34 c:/st/stm32cubeide_1.2.0/stm32cubeide/plugins/com.st.stm32cube.ide.mcu.externaltools.gnu-tools-for-stm32.7-2018-q2-update.win32_1.0.0.201904181610/tools/bin/../lib/gcc/arm-none-eabi/7.3.1/../../../../arm-none-eabi/lib/thumb/v7e-m/fpv4-sp/hard\libm.a(lib_a-sf_sin.o)
 .ARM.attributes
                0x000000000000023a       0x34 c:/st/stm32cubeide_1.2.0/stm32cubeide/plugins/com.st.stm32cube.ide.mcu.externaltools.gnu-tools-for-stm32.7-2018-q2-update.win32_1.0.0.201904181610/tools/bin/../lib/gcc/arm-none-eabi/7.3.1/../../../../arm-none-eabi/lib/thumb/v7e-m/fpv4-sp/hard\libm.a(lib_a-ef_rem_pio2.o)
 .ARM.attributes
                0x000000000000026e       0x34 c:/st/stm32cubeide_1.2.0/stm32cubeide/plugins/com.st.stm32cube.ide.mcu.externaltools.gnu-tools-for-stm32.7-2018-q2-update.win32_1.0.0.201904181610/tools/bin/../lib/gcc/arm-none-eabi/7.3.1/../../../../arm-none-eabi/lib/thumb/v7e-m/fpv4-sp/hard\libm.a(lib_a-kf_cos.o)
 .ARM.attributes
                0x00000000000002a2       0x34 c:/st/stm32cubeide_1.2.0/stm32cubeide/plugins/com.st.stm32cube.ide.mcu.externaltools.gnu-tools-for-stm32.7-2018-q2-update.win32_1.0.0.201904181610/tools/bin/../lib/gcc/arm-none-eabi/7.3.1/../../../../arm-none-eabi/lib/thumb/v7e-m/fpv4-sp/hard\libm.a(lib_a-kf_rem_pio2.o)
 .ARM.attributes
                0x00000000000002d6       0x34 c:/st/stm32cubeide_1.2.0/stm32cubeide/plugins/com.st.stm32cube.ide.mcu.externaltools.gnu-tools-for-stm32.7-2018-q2-update.win32_1.0.0.201904181610/tools/bin/../lib/gcc/arm-none-eabi/7.3.1/../../../../arm-none-eabi/lib/thumb/v7e-m/fpv4-sp/hard\libm.a(lib_a-kf_sin.o)
 .ARM.attributes
                0x000000000000030a       0x34 c:/st/stm32cubeide_1.2.0/stm32cubeide/plugins/com.st.stm32cube.ide.mcu.externaltools.gnu-tools-for-stm32.7-2018-q2-update.win32_1.0.0.201904181610/tools/bin/../lib/gcc/arm-none-eabi/7.3.1/../../../../arm-none-eabi/lib/thumb/v7e-m/fpv4-sp/hard\libm.a(lib_a-sf_fabs.o)
 .ARM.attributes
                0x000000000000033e       0x34 c:/st/stm32cubeide_1.2.0/stm32cubeide/plugins/com.st.stm32cube.ide.mcu.externaltools.gnu-tools-for-stm32.7-2018-q2-update.win32_1.0.0.201904181610/tools/bin/../lib/gcc/arm-none-eabi/7.3.1/../../../../arm-none-eabi/lib/thumb/v7e-m/fpv4-sp/hard\libm.a(lib_a-sf_floor.o)
 .ARM.attributes
                0x0000000000000372       0x34 c:/st/stm32cubeide_1.2.0/stm32cubeide/plugins/com.st.stm32cube.ide.mcu.externaltools.gnu-tools-for-stm32.7-2018-q2-update.win32_1.0.0.201904181610/tools/bin/../lib/gcc/arm-none-eabi/7.3.1/../../../../arm-none-eabi/lib/thumb/v7e-m/fpv4-sp/hard\libm.a(lib_a-sf_scalbn.o)
 .ARM.attributes
                0x00000000000003a6       0x34 c:/st/stm32cubeide_1.2.0/stm32cubeide/plugins/com.st.stm32cube.ide.mcu.externaltools.gnu-tools-for-stm32.7-2018-q2-update.win32_1.0.0.201904181610/tools/bin/../lib/gcc/arm-none-eabi/7.3.1/../../../../arm-none-eabi/lib/thumb/v7e-m/fpv4-sp/hard\libm.a(lib_a-sf_copysign.o)
 .ARM.attributes
                0x00000000000003da       0x34 c:/st/stm32cubeide_1.2.0/stm32cubeide/plugins/com.st.stm32cube.ide.mcu.externaltools.gnu-tools-for-stm32.7-2018-q2-update.win32_1.0.0.201904181610/tools/bin/../lib/gcc/arm-none-eabi/7.3.1/../../../../arm-none-eabi/lib/thumb/v7e-m/fpv4-sp/hard\libc_nano.a(lib_a-init.o)
 .ARM.attributes
                0x000000000000040e       0x34 c:/st/stm32cubeide_1.2.0/stm32cubeide/plugins/com.st.stm32cube.ide.mcu.externaltools.gnu-tools-for-stm32.7-2018-q2-update.win32_1.0.0.201904181610/tools/bin/../lib/gcc/arm-none-eabi/7.3.1/../../../../arm-none-eabi/lib/thumb/v7e-m/fpv4-sp/hard\libc_nano.a(lib_a-memcpy-stub.o)
 .ARM.attributes
                0x0000000000000442       0x34 c:/st/stm32cubeide_1.2.0/stm32cubeide/plugins/com.st.stm32cube.ide.mcu.externaltools.gnu-tools-for-stm32.7-2018-q2-update.win32_1.0.0.201904181610/tools/bin/../lib/gcc/arm-none-eabi/7.3.1/../../../../arm-none-eabi/lib/thumb/v7e-m/fpv4-sp/hard\libc_nano.a(lib_a-memset.o)
 .ARM.attributes
                0x0000000000000476       0x22 c:/st/stm32cubeide_1.2.0/stm32cubeide/plugins/com.st.stm32cube.ide.mcu.externaltools.gnu-tools-for-stm32.7-2018-q2-update.win32_1.0.0.201904181610/tools/bin/../lib/gcc/arm-none-eabi/7.3.1/thumb/v7e-m/fpv4-sp/hard\libgcc.a(_arm_addsubdf3.o)
 .ARM.attributes
                0x0000000000000498       0x22 c:/st/stm32cubeide_1.2.0/stm32cubeide/plugins/com.st.stm32cube.ide.mcu.externaltools.gnu-tools-for-stm32.7-2018-q2-update.win32_1.0.0.201904181610/tools/bin/../lib/gcc/arm-none-eabi/7.3.1/thumb/v7e-m/fpv4-sp/hard\libgcc.a(_arm_muldivdf3.o)
 .ARM.attributes
                0x00000000000004ba       0x22 c:/st/stm32cubeide_1.2.0/stm32cubeide/plugins/com.st.stm32cube.ide.mcu.externaltools.gnu-tools-for-stm32.7-2018-q2-update.win32_1.0.0.201904181610/tools/bin/../lib/gcc/arm-none-eabi/7.3.1/thumb/v7e-m/fpv4-sp/hard\libgcc.a(_arm_truncdfsf2.o)
 .ARM.attributes
                0x00000000000004dc       0x22 c:/st/stm32cubeide_1.2.0/stm32cubeide/plugins/com.st.stm32cube.ide.mcu.externaltools.gnu-tools-for-stm32.7-2018-q2-update.win32_1.0.0.201904181610/tools/bin/../lib/gcc/arm-none-eabi/7.3.1/thumb/v7e-m/fpv4-sp/hard\libgcc.a(_aeabi_uldivmod.o)
 .ARM.attributes
                0x00000000000004fe       0x34 c:/st/stm32cubeide_1.2.0/stm32cubeide/plugins/com.st.stm32cube.ide.mcu.externaltools.gnu-tools-for-stm32.7-2018-q2-update.win32_1.0.0.201904181610/tools/bin/../lib/gcc/arm-none-eabi/7.3.1/thumb/v7e-m/fpv4-sp/hard\libgcc.a(_udivmoddi4.o)
 .ARM.attributes
                0x0000000000000532       0x22 c:/st/stm32cubeide_1.2.0/stm32cubeide/plugins/com.st.stm32cube.ide.mcu.externaltools.gnu-tools-for-stm32.7-2018-q2-update.win32_1.0.0.201904181610/tools/bin/../lib/gcc/arm-none-eabi/7.3.1/thumb/v7e-m/fpv4-sp/hard\libgcc.a(_dvmd_tls.o)
 .ARM.attributes
                0x0000000000000554       0x22 c:/st/stm32cubeide_1.2.0/stm32cubeide/plugins/com.st.stm32cube.ide.mcu.externaltools.gnu-tools-for-stm32.7-2018-q2-update.win32_1.0.0.201904181610/tools/bin/../lib/gcc/arm-none-eabi/7.3.1/thumb/v7e-m/fpv4-sp/hard/crtn.o
OUTPUT(motorcontrol.elf elf32-littlearm)

.debug_info     0x0000000000000000     0x5c42
 .debug_info    0x0000000000000000     0x3100 Core/Src/main.o
 .debug_info    0x0000000000003100      0x362 Core/Src/stm32f4xx_hal_msp.o
 .debug_info    0x0000000000003462      0x1f9 Core/Src/stm32f4xx_it.o
 .debug_info    0x000000000000365b      0x554 Core/Src/system_stm32f4xx.o
 .debug_info    0x0000000000003baf       0x22 Core/Startup/startup_stm32f407vgtx.o
 .debug_info    0x0000000000003bd1      0x945 Drivers/STM32F4xx_HAL_Driver/Src/stm32f4xx_hal.o
 .debug_info    0x0000000000004516      0xe28 Drivers/STM32F4xx_HAL_Driver/Src/stm32f4xx_hal_cortex.o
 .debug_info    0x000000000000533e      0x904 Drivers/STM32F4xx_HAL_Driver/Src/stm32f4xx_hal_rcc.o

.debug_abbrev   0x0000000000000000     0x10b9
 .debug_abbrev  0x0000000000000000      0x6bf Core/Src/main.o
 .debug_abbrev  0x00000000000006bf      0x109 Core/Src/stm32f4xx_hal_msp.o
 .debug_abbrev  0x00000000000007c8       0xae Core/Src/stm32f4xx_it.o
 .debug_abbrev  0x0000000000000876      0x12b Core/Src/system_stm32f4xx.o
 .debug_abbrev  0x00000000000009a1       0x12 Core/Startup/startup_stm32f407vgtx.o
 .debug_abbrev  0x00000000000009b3      0x1c7 Drivers/STM32F4xx_HAL_Driver/Src/stm32f4xx_hal.o
 .debug_abbrev  0x0000000000000b7a      0x2fa Drivers/STM32F4xx_HAL_Driver/Src/stm32f4xx_hal_cortex.o
 .debug_abbrev  0x0000000000000e74      0x245 Drivers/STM32F4xx_HAL_Driver/Src/stm32f4xx_hal_rcc.o

.debug_aranges  0x0000000000000000      0x4f0
 .debug_aranges
                0x0000000000000000      0x198 Core/Src/main.o
 .debug_aranges
                0x0000000000000198       0x20 Core/Src/stm32f4xx_hal_msp.o
 .debug_aranges
                0x00000000000001b8       0x58 Core/Src/stm32f4xx_it.o
 .debug_aranges
                0x0000000000000210       0x28 Core/Src/system_stm32f4xx.o
 .debug_aranges
                0x0000000000000238       0x28 Core/Startup/startup_stm32f407vgtx.o
 .debug_aranges
                0x0000000000000260       0xf0 Drivers/STM32F4xx_HAL_Driver/Src/stm32f4xx_hal.o
 .debug_aranges
                0x0000000000000350      0x118 Drivers/STM32F4xx_HAL_Driver/Src/stm32f4xx_hal_cortex.o
 .debug_aranges
                0x0000000000000468       0x88 Drivers/STM32F4xx_HAL_Driver/Src/stm32f4xx_hal_rcc.o

.debug_ranges   0x0000000000000000      0x490
 .debug_ranges  0x0000000000000000      0x1a0 Core/Src/main.o
 .debug_ranges  0x00000000000001a0       0x10 Core/Src/stm32f4xx_hal_msp.o
 .debug_ranges  0x00000000000001b0       0x48 Core/Src/stm32f4xx_it.o
 .debug_ranges  0x00000000000001f8       0x18 Core/Src/system_stm32f4xx.o
 .debug_ranges  0x0000000000000210       0x20 Core/Startup/startup_stm32f407vgtx.o
 .debug_ranges  0x0000000000000230       0xe0 Drivers/STM32F4xx_HAL_Driver/Src/stm32f4xx_hal.o
 .debug_ranges  0x0000000000000310      0x108 Drivers/STM32F4xx_HAL_Driver/Src/stm32f4xx_hal_cortex.o
 .debug_ranges  0x0000000000000418       0x78 Drivers/STM32F4xx_HAL_Driver/Src/stm32f4xx_hal_rcc.o

.debug_macro    0x0000000000000000    0x21ab3
 .debug_macro   0x0000000000000000      0x36f Core/Src/main.o
 .debug_macro   0x000000000000036f      0xb2c Core/Src/main.o
 .debug_macro   0x0000000000000e9b      0x17e Core/Src/main.o
 .debug_macro   0x0000000000001019       0x32 Core/Src/main.o
 .debug_macro   0x000000000000104b       0x2f Core/Src/main.o
 .debug_macro   0x000000000000107a       0x1c Core/Src/main.o
 .debug_macro   0x0000000000001096       0x22 Core/Src/main.o
 .debug_macro   0x00000000000010b8       0x8e Core/Src/main.o
 .debug_macro   0x0000000000001146       0x51 Core/Src/main.o
 .debug_macro   0x0000000000001197       0xef Core/Src/main.o
 .debug_macro   0x0000000000001286       0x6a Core/Src/main.o
 .debug_macro   0x00000000000012f0      0x1df Core/Src/main.o
 .debug_macro   0x00000000000014cf       0x1c Core/Src/main.o
 .debug_macro   0x00000000000014eb       0x22 Core/Src/main.o
 .debug_macro   0x000000000000150d       0xdf Core/Src/main.o
 .debug_macro   0x00000000000015ec     0x102d Core/Src/main.o
 .debug_macro   0x0000000000002619      0x11f Core/Src/main.o
 .debug_macro   0x0000000000002738    0x15e3c Core/Src/main.o
 .debug_macro   0x0000000000018574       0x43 Core/Src/main.o
 .debug_macro   0x00000000000185b7     0x3652 Core/Src/main.o
 .debug_macro   0x000000000001bc09      0x17b Core/Src/main.o
 .debug_macro   0x000000000001bd84       0x5a Core/Src/main.o
 .debug_macro   0x000000000001bdde      0x96b Core/Src/main.o
 .debug_macro   0x000000000001c749      0x9fe Core/Src/main.o
 .debug_macro   0x000000000001d147      0x174 Core/Src/main.o
 .debug_macro   0x000000000001d2bb      0x117 Core/Src/main.o
 .debug_macro   0x000000000001d3d2      0x13e Core/Src/main.o
 .debug_macro   0x000000000001d510       0x27 Core/Src/main.o
 .debug_macro   0x000000000001d537      0x287 Core/Src/main.o
 .debug_macro   0x000000000001d7be       0x5f Core/Src/main.o
 .debug_macro   0x000000000001d81d      0x236 Core/Src/main.o
 .debug_macro   0x000000000001da53      0x12c Core/Src/main.o
 .debug_macro   0x000000000001db7f      0x21e Core/Src/main.o
 .debug_macro   0x000000000001dd9d       0x2e Core/Src/main.o
 .debug_macro   0x000000000001ddcb      0x11a Core/Src/main.o
 .debug_macro   0x000000000001dee5       0x7e Core/Src/main.o
 .debug_macro   0x000000000001df63       0x89 Core/Src/main.o
 .debug_macro   0x000000000001dfec      0x12d Core/Src/main.o
 .debug_macro   0x000000000001e119       0x46 Core/Src/main.o
 .debug_macro   0x000000000001e15f       0x18 Core/Src/main.o
 .debug_macro   0x000000000001e177       0x3c Core/Src/main.o
 .debug_macro   0x000000000001e1b3       0x34 Core/Src/main.o
 .debug_macro   0x000000000001e1e7       0x52 Core/Src/main.o
 .debug_macro   0x000000000001e239       0x1f Core/Src/main.o
 .debug_macro   0x000000000001e258       0x43 Core/Src/main.o
 .debug_macro   0x000000000001e29b       0x20 Core/Src/main.o
 .debug_macro   0x000000000001e2bb      0x1a3 Core/Src/main.o
 .debug_macro   0x000000000001e45e      0x34d Core/Src/main.o
 .debug_macro   0x000000000001e7ab       0x10 Core/Src/main.o
 .debug_macro   0x000000000001e7bb       0x35 Core/Src/main.o
 .debug_macro   0x000000000001e7f0       0x20 Core/Src/main.o
 .debug_macro   0x000000000001e810       0x46 Core/Src/main.o
 .debug_macro   0x000000000001e856      0x168 Core/Src/main.o
 .debug_macro   0x000000000001e9be       0x10 Core/Src/main.o
 .debug_macro   0x000000000001e9ce      0x3f4 Core/Src/main.o
 .debug_macro   0x000000000001edc2       0x18 Core/Src/main.o
 .debug_macro   0x000000000001edda      0x1da Core/Src/main.o
 .debug_macro   0x000000000001efb4       0x10 Core/Src/main.o
 .debug_macro   0x000000000001efc4       0x16 Core/Src/main.o
 .debug_macro   0x000000000001efda       0x16 Core/Src/main.o
 .debug_macro   0x000000000001eff0       0x29 Core/Src/main.o
 .debug_macro   0x000000000001f019       0x10 Core/Src/main.o
 .debug_macro   0x000000000001f029      0x3c7 Core/Src/main.o
 .debug_macro   0x000000000001f3f0      0x1ba Core/Src/stm32f4xx_hal_msp.o
 .debug_macro   0x000000000001f5aa      0xa5a Core/Src/stm32f4xx_hal_msp.o
 .debug_macro   0x0000000000020004     0x102d Core/Src/stm32f4xx_hal_msp.o
 .debug_macro   0x0000000000021031      0x174 Core/Src/stm32f4xx_hal_msp.o
 .debug_macro   0x00000000000211a5      0x1c4 Core/Src/stm32f4xx_it.o
 .debug_macro   0x0000000000021369      0x1b6 Core/Src/system_stm32f4xx.o
 .debug_macro   0x000000000002151f      0x210 Drivers/STM32F4xx_HAL_Driver/Src/stm32f4xx_hal.o
 .debug_macro   0x000000000002172f      0x1b0 Drivers/STM32F4xx_HAL_Driver/Src/stm32f4xx_hal_cortex.o
 .debug_macro   0x00000000000218df      0x1d4 Drivers/STM32F4xx_HAL_Driver/Src/stm32f4xx_hal_rcc.o

.debug_line     0x0000000000000000     0x41aa
 .debug_line    0x0000000000000000     0x121c Core/Src/main.o
 .debug_line    0x000000000000121c      0x678 Core/Src/stm32f4xx_hal_msp.o
 .debug_line    0x0000000000001894      0x70a Core/Src/stm32f4xx_it.o
 .debug_line    0x0000000000001f9e      0x693 Core/Src/system_stm32f4xx.o
 .debug_line    0x0000000000002631       0x86 Core/Startup/startup_stm32f407vgtx.o
 .debug_line    0x00000000000026b7      0x87d Drivers/STM32F4xx_HAL_Driver/Src/stm32f4xx_hal.o
 .debug_line    0x0000000000002f34      0x9a1 Drivers/STM32F4xx_HAL_Driver/Src/stm32f4xx_hal_cortex.o
 .debug_line    0x00000000000038d5      0x8d5 Drivers/STM32F4xx_HAL_Driver/Src/stm32f4xx_hal_rcc.o

.debug_str      0x0000000000000000    0xc16cc
 .debug_str     0x0000000000000000    0xc07c9 Core/Src/main.o
                                      0xc0d56 (size before relaxing)
 .debug_str     0x00000000000c07c9      0x1f8 Core/Src/stm32f4xx_hal_msp.o
                                      0xb9c0a (size before relaxing)
 .debug_str     0x00000000000c09c1       0xad Core/Src/stm32f4xx_it.o
                                      0xb9b88 (size before relaxing)
 .debug_str     0x00000000000c0a6e       0xc4 Core/Src/system_stm32f4xx.o
                                      0xb9c91 (size before relaxing)
 .debug_str     0x00000000000c0b32       0x36 Core/Startup/startup_stm32f407vgtx.o
                                         0x5d (size before relaxing)
 .debug_str     0x00000000000c0b68      0x57b Drivers/STM32F4xx_HAL_Driver/Src/stm32f4xx_hal.o
                                      0xba75e (size before relaxing)
 .debug_str     0x00000000000c10e3      0x35a Drivers/STM32F4xx_HAL_Driver/Src/stm32f4xx_hal_cortex.o
                                      0xba54d (size before relaxing)
 .debug_str     0x00000000000c143d      0x28f Drivers/STM32F4xx_HAL_Driver/Src/stm32f4xx_hal_rcc.o
                                      0xba07e (size before relaxing)

.comment        0x0000000000000000       0x7b
 .comment       0x0000000000000000       0x7b Core/Src/main.o
                                         0x7c (size before relaxing)
 .comment       0x000000000000007b       0x7c Core/Src/stm32f4xx_hal_msp.o
 .comment       0x000000000000007b       0x7c Core/Src/stm32f4xx_it.o
 .comment       0x000000000000007b       0x7c Core/Src/system_stm32f4xx.o
 .comment       0x000000000000007b       0x7c Drivers/STM32F4xx_HAL_Driver/Src/stm32f4xx_hal.o
 .comment       0x000000000000007b       0x7c Drivers/STM32F4xx_HAL_Driver/Src/stm32f4xx_hal_cortex.o
 .comment       0x000000000000007b       0x7c Drivers/STM32F4xx_HAL_Driver/Src/stm32f4xx_hal_rcc.o

.debug_frame    0x0000000000000000     0x1608
 .debug_frame   0x0000000000000000      0x6fc Core/Src/main.o
 .debug_frame   0x00000000000006fc       0x38 Core/Src/stm32f4xx_hal_msp.o
 .debug_frame   0x0000000000000734       0xf0 Core/Src/stm32f4xx_it.o
 .debug_frame   0x0000000000000824       0x58 Core/Src/system_stm32f4xx.o
 .debug_frame   0x000000000000087c      0x374 Drivers/STM32F4xx_HAL_Driver/Src/stm32f4xx_hal.o
 .debug_frame   0x0000000000000bf0      0x498 Drivers/STM32F4xx_HAL_Driver/Src/stm32f4xx_hal_cortex.o
 .debug_frame   0x0000000000001088      0x1f0 Drivers/STM32F4xx_HAL_Driver/Src/stm32f4xx_hal_rcc.o
 .debug_frame   0x0000000000001278       0x2c c:/st/stm32cubeide_1.2.0/stm32cubeide/plugins/com.st.stm32cube.ide.mcu.externaltools.gnu-tools-for-stm32.7-2018-q2-update.win32_1.0.0.201904181610/tools/bin/../lib/gcc/arm-none-eabi/7.3.1/../../../../arm-none-eabi/lib/thumb/v7e-m/fpv4-sp/hard\libm.a(lib_a-sf_sin.o)
 .debug_frame   0x00000000000012a4       0x38 c:/st/stm32cubeide_1.2.0/stm32cubeide/plugins/com.st.stm32cube.ide.mcu.externaltools.gnu-tools-for-stm32.7-2018-q2-update.win32_1.0.0.201904181610/tools/bin/../lib/gcc/arm-none-eabi/7.3.1/../../../../arm-none-eabi/lib/thumb/v7e-m/fpv4-sp/hard\libm.a(lib_a-ef_rem_pio2.o)
 .debug_frame   0x00000000000012dc       0x20 c:/st/stm32cubeide_1.2.0/stm32cubeide/plugins/com.st.stm32cube.ide.mcu.externaltools.gnu-tools-for-stm32.7-2018-q2-update.win32_1.0.0.201904181610/tools/bin/../lib/gcc/arm-none-eabi/7.3.1/../../../../arm-none-eabi/lib/thumb/v7e-m/fpv4-sp/hard\libm.a(lib_a-kf_cos.o)
 .debug_frame   0x00000000000012fc       0x5c c:/st/stm32cubeide_1.2.0/stm32cubeide/plugins/com.st.stm32cube.ide.mcu.externaltools.gnu-tools-for-stm32.7-2018-q2-update.win32_1.0.0.201904181610/tools/bin/../lib/gcc/arm-none-eabi/7.3.1/../../../../arm-none-eabi/lib/thumb/v7e-m/fpv4-sp/hard\libm.a(lib_a-kf_rem_pio2.o)
 .debug_frame   0x0000000000001358       0x20 c:/st/stm32cubeide_1.2.0/stm32cubeide/plugins/com.st.stm32cube.ide.mcu.externaltools.gnu-tools-for-stm32.7-2018-q2-update.win32_1.0.0.201904181610/tools/bin/../lib/gcc/arm-none-eabi/7.3.1/../../../../arm-none-eabi/lib/thumb/v7e-m/fpv4-sp/hard\libm.a(lib_a-kf_sin.o)
 .debug_frame   0x0000000000001378       0x20 c:/st/stm32cubeide_1.2.0/stm32cubeide/plugins/com.st.stm32cube.ide.mcu.externaltools.gnu-tools-for-stm32.7-2018-q2-update.win32_1.0.0.201904181610/tools/bin/../lib/gcc/arm-none-eabi/7.3.1/../../../../arm-none-eabi/lib/thumb/v7e-m/fpv4-sp/hard\libm.a(lib_a-sf_fabs.o)
 .debug_frame   0x0000000000001398       0x20 c:/st/stm32cubeide_1.2.0/stm32cubeide/plugins/com.st.stm32cube.ide.mcu.externaltools.gnu-tools-for-stm32.7-2018-q2-update.win32_1.0.0.201904181610/tools/bin/../lib/gcc/arm-none-eabi/7.3.1/../../../../arm-none-eabi/lib/thumb/v7e-m/fpv4-sp/hard\libm.a(lib_a-sf_floor.o)
 .debug_frame   0x00000000000013b8       0x3c c:/st/stm32cubeide_1.2.0/stm32cubeide/plugins/com.st.stm32cube.ide.mcu.externaltools.gnu-tools-for-stm32.7-2018-q2-update.win32_1.0.0.201904181610/tools/bin/../lib/gcc/arm-none-eabi/7.3.1/../../../../arm-none-eabi/lib/thumb/v7e-m/fpv4-sp/hard\libm.a(lib_a-sf_scalbn.o)
 .debug_frame   0x00000000000013f4       0x20 c:/st/stm32cubeide_1.2.0/stm32cubeide/plugins/com.st.stm32cube.ide.mcu.externaltools.gnu-tools-for-stm32.7-2018-q2-update.win32_1.0.0.201904181610/tools/bin/../lib/gcc/arm-none-eabi/7.3.1/../../../../arm-none-eabi/lib/thumb/v7e-m/fpv4-sp/hard\libm.a(lib_a-sf_copysign.o)
 .debug_frame   0x0000000000001414       0x2c c:/st/stm32cubeide_1.2.0/stm32cubeide/plugins/com.st.stm32cube.ide.mcu.externaltools.gnu-tools-for-stm32.7-2018-q2-update.win32_1.0.0.201904181610/tools/bin/../lib/gcc/arm-none-eabi/7.3.1/../../../../arm-none-eabi/lib/thumb/v7e-m/fpv4-sp/hard\libc_nano.a(lib_a-init.o)
 .debug_frame   0x0000000000001440       0x28 c:/st/stm32cubeide_1.2.0/stm32cubeide/plugins/com.st.stm32cube.ide.mcu.externaltools.gnu-tools-for-stm32.7-2018-q2-update.win32_1.0.0.201904181610/tools/bin/../lib/gcc/arm-none-eabi/7.3.1/../../../../arm-none-eabi/lib/thumb/v7e-m/fpv4-sp/hard\libc_nano.a(lib_a-memcpy-stub.o)
 .debug_frame   0x0000000000001468       0x20 c:/st/stm32cubeide_1.2.0/stm32cubeide/plugins/com.st.stm32cube.ide.mcu.externaltools.gnu-tools-for-stm32.7-2018-q2-update.win32_1.0.0.201904181610/tools/bin/../lib/gcc/arm-none-eabi/7.3.1/../../../../arm-none-eabi/lib/thumb/v7e-m/fpv4-sp/hard\libc_nano.a(lib_a-memset.o)
 .debug_frame   0x0000000000001488       0xac c:/st/stm32cubeide_1.2.0/stm32cubeide/plugins/com.st.stm32cube.ide.mcu.externaltools.gnu-tools-for-stm32.7-2018-q2-update.win32_1.0.0.201904181610/tools/bin/../lib/gcc/arm-none-eabi/7.3.1/thumb/v7e-m/fpv4-sp/hard\libgcc.a(_arm_addsubdf3.o)
 .debug_frame   0x0000000000001534       0x50 c:/st/stm32cubeide_1.2.0/stm32cubeide/plugins/com.st.stm32cube.ide.mcu.externaltools.gnu-tools-for-stm32.7-2018-q2-update.win32_1.0.0.201904181610/tools/bin/../lib/gcc/arm-none-eabi/7.3.1/thumb/v7e-m/fpv4-sp/hard\libgcc.a(_arm_muldivdf3.o)
 .debug_frame   0x0000000000001584       0x24 c:/st/stm32cubeide_1.2.0/stm32cubeide/plugins/com.st.stm32cube.ide.mcu.externaltools.gnu-tools-for-stm32.7-2018-q2-update.win32_1.0.0.201904181610/tools/bin/../lib/gcc/arm-none-eabi/7.3.1/thumb/v7e-m/fpv4-sp/hard\libgcc.a(_arm_truncdfsf2.o)
 .debug_frame   0x00000000000015a8       0x2c c:/st/stm32cubeide_1.2.0/stm32cubeide/plugins/com.st.stm32cube.ide.mcu.externaltools.gnu-tools-for-stm32.7-2018-q2-update.win32_1.0.0.201904181610/tools/bin/../lib/gcc/arm-none-eabi/7.3.1/thumb/v7e-m/fpv4-sp/hard\libgcc.a(_aeabi_uldivmod.o)
 .debug_frame   0x00000000000015d4       0x34 c:/st/stm32cubeide_1.2.0/stm32cubeide/plugins/com.st.stm32cube.ide.mcu.externaltools.gnu-tools-for-stm32.7-2018-q2-update.win32_1.0.0.201904181610/tools/bin/../lib/gcc/arm-none-eabi/7.3.1/thumb/v7e-m/fpv4-sp/hard\libgcc.a(_udivmoddi4.o)
