Archive member included to satisfy reference by file (symbol)

c:/st/stm32cubeide_1.2.0/stm32cubeide/plugins/com.st.stm32cube.ide.mcu.externaltools.gnu-tools-for-stm32.7-2018-q2-update.win32_1.0.0.201904181610/tools/bin/../lib/gcc/arm-none-eabi/7.3.1/../../../../arm-none-eabi/lib/thumb/v7e-m/fpv4-sp/hard\libc_nano.a(lib_a-errno.o)
                              Core/Src/syscalls.o (__errno)
c:/st/stm32cubeide_1.2.0/stm32cubeide/plugins/com.st.stm32cube.ide.mcu.externaltools.gnu-tools-for-stm32.7-2018-q2-update.win32_1.0.0.201904181610/tools/bin/../lib/gcc/arm-none-eabi/7.3.1/../../../../arm-none-eabi/lib/thumb/v7e-m/fpv4-sp/hard\libc_nano.a(lib_a-exit.o)
                              c:/st/stm32cubeide_1.2.0/stm32cubeide/plugins/com.st.stm32cube.ide.mcu.externaltools.gnu-tools-for-stm32.7-2018-q2-update.win32_1.0.0.201904181610/tools/bin/../lib/gcc/arm-none-eabi/7.3.1/../../../../arm-none-eabi/lib/thumb/v7e-m/fpv4-sp/hard/crt0.o (exit)
c:/st/stm32cubeide_1.2.0/stm32cubeide/plugins/com.st.stm32cube.ide.mcu.externaltools.gnu-tools-for-stm32.7-2018-q2-update.win32_1.0.0.201904181610/tools/bin/../lib/gcc/arm-none-eabi/7.3.1/../../../../arm-none-eabi/lib/thumb/v7e-m/fpv4-sp/hard\libc_nano.a(lib_a-impure.o)
                              c:/st/stm32cubeide_1.2.0/stm32cubeide/plugins/com.st.stm32cube.ide.mcu.externaltools.gnu-tools-for-stm32.7-2018-q2-update.win32_1.0.0.201904181610/tools/bin/../lib/gcc/arm-none-eabi/7.3.1/../../../../arm-none-eabi/lib/thumb/v7e-m/fpv4-sp/hard\libc_nano.a(lib_a-exit.o) (_global_impure_ptr)
c:/st/stm32cubeide_1.2.0/stm32cubeide/plugins/com.st.stm32cube.ide.mcu.externaltools.gnu-tools-for-stm32.7-2018-q2-update.win32_1.0.0.201904181610/tools/bin/../lib/gcc/arm-none-eabi/7.3.1/../../../../arm-none-eabi/lib/thumb/v7e-m/fpv4-sp/hard\libc_nano.a(lib_a-init.o)
                              c:/st/stm32cubeide_1.2.0/stm32cubeide/plugins/com.st.stm32cube.ide.mcu.externaltools.gnu-tools-for-stm32.7-2018-q2-update.win32_1.0.0.201904181610/tools/bin/../lib/gcc/arm-none-eabi/7.3.1/../../../../arm-none-eabi/lib/thumb/v7e-m/fpv4-sp/hard/crt0.o (__libc_init_array)
c:/st/stm32cubeide_1.2.0/stm32cubeide/plugins/com.st.stm32cube.ide.mcu.externaltools.gnu-tools-for-stm32.7-2018-q2-update.win32_1.0.0.201904181610/tools/bin/../lib/gcc/arm-none-eabi/7.3.1/../../../../arm-none-eabi/lib/thumb/v7e-m/fpv4-sp/hard\libc_nano.a(lib_a-memcpy-stub.o)
                              Core/Src/main.o (memcpy)
c:/st/stm32cubeide_1.2.0/stm32cubeide/plugins/com.st.stm32cube.ide.mcu.externaltools.gnu-tools-for-stm32.7-2018-q2-update.win32_1.0.0.201904181610/tools/bin/../lib/gcc/arm-none-eabi/7.3.1/../../../../arm-none-eabi/lib/thumb/v7e-m/fpv4-sp/hard\libc_nano.a(lib_a-memset.o)
                              c:/st/stm32cubeide_1.2.0/stm32cubeide/plugins/com.st.stm32cube.ide.mcu.externaltools.gnu-tools-for-stm32.7-2018-q2-update.win32_1.0.0.201904181610/tools/bin/../lib/gcc/arm-none-eabi/7.3.1/../../../../arm-none-eabi/lib/thumb/v7e-m/fpv4-sp/hard/crt0.o (memset)
c:/st/stm32cubeide_1.2.0/stm32cubeide/plugins/com.st.stm32cube.ide.mcu.externaltools.gnu-tools-for-stm32.7-2018-q2-update.win32_1.0.0.201904181610/tools/bin/../lib/gcc/arm-none-eabi/7.3.1/thumb/v7e-m/fpv4-sp/hard\libgcc.a(_arm_addsubdf3.o)
                              Core/Src/main.o (__aeabi_dsub)
c:/st/stm32cubeide_1.2.0/stm32cubeide/plugins/com.st.stm32cube.ide.mcu.externaltools.gnu-tools-for-stm32.7-2018-q2-update.win32_1.0.0.201904181610/tools/bin/../lib/gcc/arm-none-eabi/7.3.1/thumb/v7e-m/fpv4-sp/hard\libgcc.a(_arm_muldivdf3.o)
                              Core/Src/main.o (__aeabi_dmul)
c:/st/stm32cubeide_1.2.0/stm32cubeide/plugins/com.st.stm32cube.ide.mcu.externaltools.gnu-tools-for-stm32.7-2018-q2-update.win32_1.0.0.201904181610/tools/bin/../lib/gcc/arm-none-eabi/7.3.1/thumb/v7e-m/fpv4-sp/hard\libgcc.a(_arm_cmpdf2.o)
                              Core/Src/main.o (__aeabi_dcmplt)
c:/st/stm32cubeide_1.2.0/stm32cubeide/plugins/com.st.stm32cube.ide.mcu.externaltools.gnu-tools-for-stm32.7-2018-q2-update.win32_1.0.0.201904181610/tools/bin/../lib/gcc/arm-none-eabi/7.3.1/thumb/v7e-m/fpv4-sp/hard\libgcc.a(_arm_truncdfsf2.o)
                              Core/Src/main.o (__aeabi_d2f)
c:/st/stm32cubeide_1.2.0/stm32cubeide/plugins/com.st.stm32cube.ide.mcu.externaltools.gnu-tools-for-stm32.7-2018-q2-update.win32_1.0.0.201904181610/tools/bin/../lib/gcc/arm-none-eabi/7.3.1/thumb/v7e-m/fpv4-sp/hard\libgcc.a(_aeabi_uldivmod.o)
                              Drivers/STM32F4xx_HAL_Driver/Src/stm32f4xx_hal_rcc.o (__aeabi_uldivmod)
c:/st/stm32cubeide_1.2.0/stm32cubeide/plugins/com.st.stm32cube.ide.mcu.externaltools.gnu-tools-for-stm32.7-2018-q2-update.win32_1.0.0.201904181610/tools/bin/../lib/gcc/arm-none-eabi/7.3.1/thumb/v7e-m/fpv4-sp/hard\libgcc.a(_udivmoddi4.o)
[...]
Memory Configuration

Name             Origin             Length             Attributes
CCMRAM           0x0000000010000000 0x0000000000010000 xrw
RAM              0x0000000020000000 0x0000000000020000 xrw
FLASH            0x0000000008000000 0x0000000000100000 xr
*default*        0x0000000000000000 0xffffffffffffffff

Linker script and memory map

LOAD c:/st/stm32cubeide_1.2.0/stm32cubeide/plugins/com.st.stm32cube.ide.mcu.externaltools.gnu-tools-for-stm32.7-2018-q2-update.win32_1.0.0.201904181610/tools/bin/../lib/gcc/arm-none-eabi/7.3.1/thumb/v7e-m/fpv4-sp/hard/crti.o
LOAD c:/st/stm32cubeide_1.2.0/stm32cubeide/plugins/com.st.stm32cube.ide.mcu.externaltools.gnu-tools-for-stm32.7-2018-q2-update.win32_1.0.0.201904181610/tools/bin/../lib/gcc/arm-none-eabi/7.3.1/thumb/v7e-m/fpv4-sp/hard/crtbegin.o
LOAD c:/st/stm32cubeide_1.2.0/stm32cubeide/plugins/com.st.stm32cube.ide.mcu.externaltools.gnu-tools-for-stm32.7-2018-q2-update.win32_1.0.0.201904181610/tools/bin/../lib/gcc/arm-none-eabi/7.3.1/../../../../arm-none-eabi/lib/thumb/v7e-m/fpv4-sp/hard/crt0.o
LOAD Core/Src/main.o
LOAD Core/Src/stm32f4xx_hal_msp.o
LOAD Core/Src/stm32f4xx_it.o
LOAD Core/Src/syscalls.o
LOAD Core/Src/sysmem.o
LOAD Core/Src/system_stm32f4xx.o
LOAD Core/Startup/startup_stm32f407vgtx.o
LOAD Drivers/STM32F4xx_HAL_Driver/Src/stm32f4xx_hal.o
LOAD Drivers/STM32F4xx_HAL_Driver/Src/stm32f4xx_hal_cortex.o
LOAD Drivers/STM32F4xx_HAL_Driver/Src/stm32f4xx_hal_dma.o
LOAD Drivers/STM32F4xx_HAL_Driver/Src/stm32f4xx_hal_dma_ex.o
LOAD Drivers/STM32F4xx_HAL_Driver/Src/stm32f4xx_hal_exti.o
LOAD Drivers/STM32F4xx_HAL_Driver/Src/stm32f4xx_hal_flash.o
LOAD Drivers/STM32F4xx_HAL_Driver/Src/stm32f4xx_hal_flash_ex.o
LOAD Drivers/STM32F4xx_HAL_Driver/Src/stm32f4xx_hal_flash_ramfunc.o
LOAD Drivers/STM32F4xx_HAL_Driver/Src/stm32f4xx_hal_gpio.o
LOAD Drivers/STM32F4xx_HAL_Driver/Src/stm32f4xx_hal_pwr.o
LOAD Drivers/STM32F4xx_HAL_Driver/Src/stm32f4xx_hal_pwr_ex.o
LOAD Drivers/STM32F4xx_HAL_Driver/Src/stm32f4xx_hal_rcc.o
LOAD Drivers/STM32F4xx_HAL_Driver/Src/stm32f4xx_hal_rcc_ex.o
LOAD Drivers/STM32F4xx_HAL_Driver/Src/stm32f4xx_hal_tim.o
LOAD Drivers/STM32F4xx_HAL_Driver/Src/stm32f4xx_hal_tim_ex.o
START GROUP
LOAD c:/st/stm32cubeide_1.2.0/stm32cubeide/plugins/com.st.stm32cube.ide.mcu.externaltools.gnu-tools-for-stm32.7-2018-q2-update.win32_1.0.0.201904181610/tools/bin/../lib/gcc/arm-none-eabi/7.3.1/../../../../arm-none-eabi/lib/thumb/v7e-m/fpv4-sp/hard\libstdc++_nano.a
LOAD c:/st/stm32cubeide_1.2.0/stm32cubeide/plugins/com.st.stm32cube.ide.mcu.externaltools.gnu-tools-for-stm32.7-2018-q2-update.win32_1.0.0.201904181610/tools/bin/../lib/gcc/arm-none-eabi/7.3.1/../../../../arm-none-eabi/lib/thumb/v7e-m/fpv4-sp/hard\libsupc++_nano.a
END GROUP
LOAD c:/st/stm32cubeide_1.2.0/stm32cubeide/plugins/com.st.stm32cube.ide.mcu.externaltools.gnu-tools-for-stm32.7-2018-q2-update.win32_1.0.0.201904181610/tools/bin/../lib/gcc/arm-none-eabi/7.3.1/../../../../arm-none-eabi/lib/thumb/v7e-m/fpv4-sp/hard\libstdc++_nano.a
LOAD c:/st/stm32cubeide_1.2.0/stm32cubeide/plugins/com.st.stm32cube.ide.mcu.externaltools.gnu-tools-for-stm32.7-2018-q2-update.win32_1.0.0.201904181610/tools/bin/../lib/gcc/arm-none-eabi/7.3.1/../../../../arm-none-eabi/lib/thumb/v7e-m/fpv4-sp/hard\libm.a
LOAD c:/st/stm32cubeide_1.2.0/stm32cubeide/plugins/com.st.stm32cube.ide.mcu.externaltools.gnu-tools-for-stm32.7-2018-q2-update.win32_1.0.0.201904181610/tools/bin/../lib/gcc/arm-none-eabi/7.3.1/../../../../arm-none-eabi/lib/thumb/v7e-m/fpv4-sp/hard\libc_nano.a
START GROUP
LOAD c:/st/stm32cubeide_1.2.0/stm32cubeide/plugins/com.st.stm32cube.ide.mcu.externaltools.gnu-tools-for-stm32.7-2018-q2-update.win32_1.0.0.201904181610/tools/bin/../lib/gcc/arm-none-eabi/7.3.1/thumb/v7e-m/fpv4-sp/hard\libgcc.a
LOAD c:/st/stm32cubeide_1.2.0/stm32cubeide/plugins/com.st.stm32cube.ide.mcu.externaltools.gnu-tools-for-stm32.7-2018-q2-update.win32_1.0.0.201904181610/tools/bin/../lib/gcc/arm-none-eabi/7.3.1/../../../../arm-none-eabi/lib/thumb/v7e-m/fpv4-sp/hard\libc_nano.a
END GROUP
START GROUP
LOAD c:/st/stm32cubeide_1.2.0/stm32cubeide/plugins/com.st.stm32cube.ide.mcu.externaltools.gnu-tools-for-stm32.7-2018-q2-update.win32_1.0.0.201904181610/tools/bin/../lib/gcc/arm-none-eabi/7.3.1/thumb/v7e-m/fpv4-sp/hard\libgcc.a
LOAD c:/st/stm32cubeide_1.2.0/stm32cubeide/plugins/com.st.stm32cube.ide.mcu.externaltools.gnu-tools-for-stm32.7-2018-q2-update.win32_1.0.0.201904181610/tools/bin/../lib/gcc/arm-none-eabi/7.3.1/../../../../arm-none-eabi/lib/thumb/v7e-m/fpv4-sp/hard\libc_nano.a
LOAD c:/st/stm32cubeide_1.2.0/stm32cubeide/plugins/com.st.stm32cube.ide.mcu.externaltools.gnu-tools-for-stm32.7-2018-q2-update.win32_1.0.0.201904181610/tools/bin/../lib/gcc/arm-none-eabi/7.3.1/../../../../arm-none-eabi/lib/thumb/v7e-m/fpv4-sp/hard\libnosys.a
END GROUP
START GROUP
LOAD c:/st/stm32cubeide_1.2.0/stm32cubeide/plugins/com.st.stm32cube.ide.mcu.externaltools.gnu-tools-for-stm32.7-2018-q2-update.win32_1.0.0.201904181610/tools/bin/../lib/gcc/arm-none-eabi/7.3.1/thumb/v7e-m/fpv4-sp/hard\libgcc.a
LOAD c:/st/stm32cubeide_1.2.0/stm32cubeide/plugins/com.st.stm32cube.ide.mcu.externaltools.gnu-tools-for-stm32.7-2018-q2-update.win32_1.0.0.201904181610/tools/bin/../lib/gcc/arm-none-eabi/7.3.1/../../../../arm-none-eabi/lib/thumb/v7e-m/fpv4-sp/hard\libc_nano.a
LOAD c:/st/stm32cubeide_1.2.0/stm32cubeide/plugins/com.st.stm32cube.ide.mcu.externaltools.gnu-tools-for-stm32.7-2018-q2-update.win32_1.0.0.201904181610/tools/bin/../lib/gcc/arm-none-eabi/7.3.1/../../../../arm-none-eabi/lib/thumb/v7e-m/fpv4-sp/hard\libnosys.a
END GROUP
LOAD c:/st/stm32cubeide_1.2.0/stm32cubeide/plugins/com.st.stm32cube.ide.mcu.externaltools.gnu-tools-for-stm32.7-2018-q2-update.win32_1.0.0.201904181610/tools/bin/../lib/gcc/arm-none-eabi/7.3.1/thumb/v7e-m/fpv4-sp/hard/crtend.o
LOAD c:/st/stm32cubeide_1.2.0/stm32cubeide/plugins/com.st.stm32cube.ide.mcu.externaltools.gnu-tools-for-stm32.7-2018-q2-update.win32_1.0.0.201904181610/tools/bin/../lib/gcc/arm-none-eabi/7.3.1/thumb/v7e-m/fpv4-sp/hard/crtn.o
                0x0000000020020000                _estack = (ORIGIN (RAM) + LENGTH (RAM))
                0x0000000000000200                _Min_Heap_Size = 0x200
                0x0000000000000400                _Min_Stack_Size = 0x400

.isr_vector     0x0000000008000000      0x188
                0x0000000008000000                . = ALIGN (0x4)
 *(.isr_vector)
 .isr_vector    0x0000000008000000      0x188 Core/Startup/startup_stm32f407vgtx.o
                0x0000000008000000                g_pfnVectors
                0x0000000008000188                . = ALIGN (0x4)

.text           0x0000000008000188     0x2dd8
                0x0000000008000188                . = ALIGN (0x4)
 *(.text)
 .text          0x0000000008000188       0x40 c:/st/stm32cubeide_1.2.0/stm32cubeide/plugins/com.st.stm32cube.ide.mcu.externaltools.gnu-tools-for-stm32.7-2018-q2-update.win32_1.0.0.201904181610/tools/bin/../lib/gcc/arm-none-eabi/7.3.1/thumb/v7e-m/fpv4-sp/hard/crtbegin.o
 .text          0x00000000080001c8      0x378 c:/st/stm32cubeide_1.2.0/stm32cubeide/plugins/com.st.stm32cube.ide.mcu.externaltools.gnu-tools-for-stm32.7-2018-q2-update.win32_1.0.0.201904181610/tools/bin/../lib/gcc/arm-none-eabi/7.3.1/thumb/v7e-m/fpv4-sp/hard\libgcc.a(_arm_addsubdf3.o)
                0x00000000080001c8                __aeabi_drsub
                0x00000000080001d0                __aeabi_dsub
                0x00000000080001d0                __subdf3
                0x00000000080001d4                __aeabi_dadd
                0x00000000080001d4                __adddf3
                0x000000000800044c                __floatunsidf
                0x000000000800044c                __aeabi_ui2d
                0x000000000800046c                __floatsidf
                0x000000000800046c                __aeabi_i2d
                0x0000000008000490                __aeabi_f2d
                0x0000000008000490                __extendsfdf2
                0x00000000080004d4                __floatundidf
                0x00000000080004d4                __aeabi_ul2d
                0x00000000080004e4                __floatdidf
                0x00000000080004e4                __aeabi_l2d
 .text          0x0000000008000540      0x424 c:/st/stm32cubeide_1.2.0/stm32cubeide/plugins/com.st.stm32cube.ide.mcu.externaltools.gnu-tools-for-stm32.7-2018-q2-update.win32_1.0.0.201904181610/tools/bin/../lib/gcc/arm-none-eabi/7.3.1/thumb/v7e-m/fpv4-sp/hard\libgcc.a(_arm_muldivdf3.o)
                0x0000000008000540                __aeabi_dmul
                0x0000000008000540                __muldf3
                0x0000000008000794                __divdf3
                0x0000000008000794                __aeabi_ddiv
 .text          0x0000000008000964      0x110 c:/st/stm32cubeide_1.2.0/stm32cubeide/plugins/com.st.stm32cube.ide.mcu.externaltools.gnu-tools-for-stm32.7-2018-q2-update.win32_1.0.0.201904181610/tools/bin/../lib/gcc/arm-none-eabi/7.3.1/thumb/v7e-m/fpv4-sp/hard\libgcc.a(_arm_cmpdf2.o)
                0x0000000008000964                __gtdf2
                0x0000000008000964                __gedf2
                0x000000000800096c                __ltdf2
                0x000000000800096c                __ledf2
                0x0000000008000974                __nedf2
                0x0000000008000974                __eqdf2
                0x0000000008000974                __cmpdf2
                0x00000000080009f0                __aeabi_cdrcmple
                0x0000000008000a00                __aeabi_cdcmpeq
                0x0000000008000a00                __aeabi_cdcmple
                0x0000000008000a10                __aeabi_dcmpeq
                0x0000000008000a24                __aeabi_dcmplt
                0x0000000008000a38                __aeabi_dcmple
                0x0000000008000a4c                __aeabi_dcmpge
                0x0000000008000a60                __aeabi_dcmpgt
 .text          0x0000000008000a74       0xa0 c:/st/stm32cubeide_1.2.0/stm32cubeide/plugins/com.st.stm32cube.ide.mcu.externaltools.gnu-tools-for-stm32.7-2018-q2-update.win32_1.0.0.201904181610/tools/bin/../lib/gcc/arm-none-eabi/7.3.1/thumb/v7e-m/fpv4-sp/hard\libgcc.a(_arm_truncdfsf2.o)
                0x0000000008000a74                __truncdfsf2
                0x0000000008000a74                __aeabi_d2f
 .text          0x0000000008000b14       0x30 c:/st/stm32cubeide_1.2.0/stm32cubeide/plugins/com.st.stm32cube.ide.mcu.externaltools.gnu-tools-for-stm32.7-2018-q2-update.win32_1.0.0.201904181610/tools/bin/../lib/gcc/arm-none-eabi/7.3.1/thumb/v7e-m/fpv4-sp/hard\libgcc.a(_aeabi_uldivmod.o)
                0x0000000008000b14                __aeabi_uldivmod
 .text          0x0000000008000b44      0x2cc c:/st/stm32cubeide_1.2.0/stm32cubeide/plugins/com.st.stm32cube.ide.mcu.externaltools.gnu-tools-for-stm32.7-2018-q2-update.win32_1.0.0.201904181610/tools/bin/../lib/gcc/arm-none-eabi/7.3.1/thumb/v7e-m/fpv4-sp/hard\libgcc.a(_udivmoddi4.o)
                0x0000000008000b44                __udivmoddi4
 .text          0x0000000008000e10        0x4 c:/st/stm32cubeide_1.2.0/stm32cubeide/plugins/com.st.stm32cube.ide.mcu.externaltools.gnu-tools-for-stm32.7-2018-q2-update.win32_1.0.0.201904181610/tools/bin/../lib/gcc/arm-none-eabi/7.3.1/thumb/v7e-m/fpv4-sp/hard\libgcc.a(_dvmd_tls.o)
                0x0000000008000e10                __aeabi_idiv0
                0x0000000008000e10                __aeabi_ldiv0
 *(.text*)
 .text.__NVIC_EnableIRQ
                0x0000000008000e14       0x40 Core/Src/main.o
 .text._ZN6CanDrv4InitENS_8BaudRateE
                0x0000000008000e54       0x3e Core/Src/main.o
                0x0000000008000e54                CanDrv::Init(CanDrv::BaudRate)
 *fill*         0x0000000008000e92        0x2 
 .text._ZN6CanDrv12InitHardwareENS_8BaudRateE
                0x0000000008000e94      0x19c Core/Src/main.o
                0x0000000008000e94                CanDrv::InitHardware(CanDrv::BaudRate)
 .text._ZN6CanDrv11SendTriggerEv
                0x0000000008001030       0x3c Core/Src/main.o
                0x0000000008001030                CanDrv::SendTrigger()
 .text._ZN6CanDrv17SelectFreeMailboxEv
                0x000000000800106c       0x60 Core/Src/main.o
                0x000000000800106c                CanDrv::SelectFreeMailbox()
 .text._ZN6CanDrv7ReceiveEv
                0x00000000080010cc       0xe4 Core/Src/main.o
                0x00000000080010cc                CanDrv::Receive()
 .text._ZN6CanDrv8GetRxMsgEv
                0x00000000080011b0       0x74 Core/Src/main.o
                0x00000000080011b0                CanDrv::GetRxMsg()
 .text._ZN6CanDrv8SetTxMsgER6CanMsg
                0x0000000008001224       0x4c Core/Src/main.o
                0x0000000008001224                CanDrv::SetTxMsg(CanMsg&)
 .text._ZN6CanDrv8GetTxMsgEv
                0x0000000008001270       0x58 Core/Src/main.o
                0x0000000008001270                CanDrv::GetTxMsg()
 .text._ZN6CanDrv9SendStartEv
                0x00000000080012c8      0x10c Core/Src/main.o
                0x00000000080012c8                CanDrv::SendStart()
 .text._ZN6CanDrv8IrqWriteEv
                0x00000000080013d4       0x8c Core/Src/main.o
                0x00000000080013d4                CanDrv::IrqWrite()
 .text._ZN6CanDrv7IrqReadEv
                0x0000000008001460       0x16 Core/Src/main.o
                0x0000000008001460                CanDrv::IrqRead()
 .text._Z11SetSynchObjP6CanDrv
                0x0000000008001476       0x2c Core/Src/main.o
                0x0000000008001476                SetSynchObj(CanDrv*)
 .text._Z8DataCopyPhS_t
                0x00000000080014a2       0x3e Core/Src/main.o
                0x00000000080014a2                DataCopy(unsigned char*, unsigned char*, unsigned short)
 .text._ZN3SdoC2EP6CanDrvt
                0x00000000080014e0       0x5c Core/Src/main.o
                0x00000000080014e0                Sdo::Sdo(CanDrv*, unsigned short)
                0x00000000080014e0                Sdo::Sdo(CanDrv*, unsigned short)
 .text._ZN3Sdo5ResetEv
                0x000000000800153c       0x34 Core/Src/main.o
                0x000000000800153c                Sdo::Reset()
 .text._ZN3Sdo11PushCommandERK6SdoCmd
                0x0000000008001570       0x5a Core/Src/main.o
                0x0000000008001570                Sdo::PushCommand(SdoCmd const&)
 .text._ZN3Sdo11PrepareDataEv
                0x00000000080015ca       0x94 Core/Src/main.o
                0x00000000080015ca                Sdo::PrepareData()
 .text._ZN3Sdo13StartSequenceEv
                0x000000000800165e       0x2e Core/Src/main.o
                0x000000000800165e                Sdo::StartSequence()
 .text._ZN3Sdo16StackWriteUpdateEv
                0x000000000800168c      0x128 Core/Src/main.o
                0x000000000800168c                Sdo::StackWriteUpdate()
 .text._ZN3PdoC2EP6CanDrvt
                0x00000000080017b4       0x8c Core/Src/main.o
                0x00000000080017b4                Pdo::Pdo(CanDrv*, unsigned short)
                0x00000000080017b4                Pdo::Pdo(CanDrv*, unsigned short)
 .text._ZN3Pdo4SendENS_6PdoObjE
                0x0000000008001840       0x82 Core/Src/main.o
                0x0000000008001840                Pdo::Send(Pdo::PdoObj)
 .text._ZN3NmtC2EP6CanDrvt
                0x00000000080018c2       0x28 Core/Src/main.o
                0x00000000080018c2                Nmt::Nmt(CanDrv*, unsigned short)
                0x00000000080018c2                Nmt::Nmt(CanDrv*, unsigned short)
 .text._ZN3Nmt15GoToOperationalEv
                0x00000000080018ea       0x38 Core/Src/main.o
                0x00000000080018ea                Nmt::GoToOperational()
 .text._ZN13MiControlCmds10ClearErrorEv
                0x0000000008001922       0x70 Core/Src/main.o
                0x0000000008001922                MiControlCmds::ClearError()
 .text._ZN13MiControlCmds12RestoreParamEv
                0x0000000008001992       0x70 Core/Src/main.o
                0x0000000008001992                MiControlCmds::RestoreParam()
 .text._ZN13MiControlCmds11MotorEnableEv
                0x0000000008001a02       0x74 Core/Src/main.o
                0x0000000008001a02                MiControlCmds::MotorEnable()
 .text._ZN8MotorDrvC2EP6CanDrvh
                0x0000000008001a76       0x6c Core/Src/main.o
                0x0000000008001a76                MotorDrv::MotorDrv(CanDrv*, unsigned char)
                0x0000000008001a76                MotorDrv::MotorDrv(CanDrv*, unsigned char)
 .text._ZN8MotorDrv10SetPdoCmdsEv
                0x0000000008001ae2       0x1c Core/Src/main.o
                0x0000000008001ae2                MotorDrv::SetPdoCmds()
 .text._ZN8MotorDrv9ConfigureEv
                0x0000000008001afe       0x60 Core/Src/main.o
                0x0000000008001afe                MotorDrv::Configure()
 .text._ZN8MotorDrv10SetCurrentEv
                0x0000000008001b5e       0x32 Core/Src/main.o
                0x0000000008001b5e                MotorDrv::SetCurrent()
 .text._ZN8MotorDrv12ReadPositionEPV6CanMsg
                0x0000000008001b90       0x88 Core/Src/main.o
                0x0000000008001b90                MotorDrv::ReadPosition(CanMsg volatile*)
 .text._ZN8MotorDrv11ReadCurrentEPV6CanMsg
                0x0000000008001c18       0x2e Core/Src/main.o
                0x0000000008001c18                MotorDrv::ReadCurrent(CanMsg volatile*)
 *fill*         0x0000000008001c46        0x2 
 .text._ZN3Led12HardwareInitEv
                0x0000000008001c48       0x30 Core/Src/main.o
                0x0000000008001c48                Led::HardwareInit()
 .text._ZN3Led4InitEv
                0x0000000008001c78        0xc Core/Src/main.o
                0x0000000008001c78                Led::Init()
 .text._ZN3Led6YellowEv
                0x0000000008001c84       0x14 Core/Src/main.o
                0x0000000008001c84                Led::Yellow()
 .text._Z16motorCanSendDataPP8MotorDrvh
                0x0000000008001c98      0x134 Core/Src/main.o
                0x0000000008001c98                motorCanSendData(MotorDrv**, unsigned char)
 .text._Z13motorReadDataP8MotorDrvPV6CanMsgt
                0x0000000008001dcc       0x64 Core/Src/main.o
                0x0000000008001dcc                motorReadData(MotorDrv*, CanMsg volatile*, unsigned short)
 .text.main     0x0000000008001e30      0x260 Core/Src/main.o
                0x0000000008001e30                main
 .text._Z18SystemClock_Configv
                0x0000000008002090       0xe8 Core/Src/main.o
                0x0000000008002090                SystemClock_Config()
 .text._ZL12MX_GPIO_Initv
                0x0000000008002178       0x34 Core/Src/main.o
 .text.SysTick_Handler
                0x00000000080021ac       0x50 Core/Src/main.o
                0x00000000080021ac                SysTick_Handler
 .text.CAN1_TX_IRQHandler
                0x00000000080021fc       0x14 Core/Src/main.o
                0x00000000080021fc                CAN1_TX_IRQHandler
 .text.CAN1_RX0_IRQHandler
                0x0000000008002210       0x90 Core/Src/main.o
                0x0000000008002210                CAN1_RX0_IRQHandler
 .text.Error_Handler
                0x00000000080022a0        0xe Core/Src/main.o
                0x00000000080022a0                Error_Handler
 .text._Z41__static_initialization_and_destruction_0ii
                0x00000000080022ae       0x16 Core/Src/main.o
 .text._GLOBAL__sub_I_tick
                0x00000000080022c4       0x10 Core/Src/main.o
 .text.HAL_MspInit
                0x00000000080022d4       0x50 Core/Src/stm32f4xx_hal_msp.o
                0x00000000080022d4                HAL_MspInit
 .text.NMI_Handler
                0x0000000008002324        0xe Core/Src/stm32f4xx_it.o
                0x0000000008002324                NMI_Handler
 .text.HardFault_Handler
                0x0000000008002332        0x6 Core/Src/stm32f4xx_it.o
                0x0000000008002332                HardFault_Handler
 .text.MemManage_Handler
                0x0000000008002338        0x6 Core/Src/stm32f4xx_it.o
                0x0000000008002338                MemManage_Handler
 .text.BusFault_Handler
                0x000000000800233e        0x6 Core/Src/stm32f4xx_it.o
                0x000000000800233e                BusFault_Handler
 .text.UsageFault_Handler
                0x0000000008002344        0x6 Core/Src/stm32f4xx_it.o
                0x0000000008002344                UsageFault_Handler
 .text.SVC_Handler
                0x000000000800234a        0xe Core/Src/stm32f4xx_it.o
                0x000000000800234a                SVC_Handler
 .text.DebugMon_Handler
                0x0000000008002358        0xe Core/Src/stm32f4xx_it.o
                0x0000000008002358                DebugMon_Handler
 .text.PendSV_Handler
                0x0000000008002366        0xe Core/Src/stm32f4xx_it.o
                0x0000000008002366                PendSV_Handler
 .text.SystemInit
                0x0000000008002374       0x2c Core/Src/system_stm32f4xx.o
                0x0000000008002374                SystemInit
 .text.Reset_Handler
                0x00000000080023a0       0x50 Core/Startup/startup_stm32f407vgtx.o
                0x00000000080023a0                Reset_Handler
 .text.Default_Handler
                0x00000000080023f0        0x2 Core/Startup/startup_stm32f407vgtx.o
                0x00000000080023f0                RTC_Alarm_IRQHandler
                0x00000000080023f0                HASH_RNG_IRQHandler
                0x00000000080023f0                EXTI2_IRQHandler
                0x00000000080023f0                TIM8_CC_IRQHandler
                0x00000000080023f0                TIM1_CC_IRQHandler
                0x00000000080023f0                DMA2_Stream5_IRQHandler
                0x00000000080023f0                DMA1_Stream5_IRQHandler
                0x00000000080023f0                PVD_IRQHandler
                0x00000000080023f0                SDIO_IRQHandler
                0x00000000080023f0                TAMP_STAMP_IRQHandler
                0x00000000080023f0                CAN2_RX1_IRQHandler
                0x00000000080023f0                EXTI3_IRQHandler
                0x00000000080023f0                TIM8_TRG_COM_TIM14_IRQHandler
                0x00000000080023f0                TIM1_UP_TIM10_IRQHandler
                0x00000000080023f0                TIM8_UP_TIM13_IRQHandler
                0x00000000080023f0                I2C3_ER_IRQHandler
                0x00000000080023f0                EXTI0_IRQHandler
                0x00000000080023f0                I2C2_EV_IRQHandler
                0x00000000080023f0                DMA1_Stream2_IRQHandler
                0x00000000080023f0                FPU_IRQHandler
                0x00000000080023f0                OTG_HS_WKUP_IRQHandler
                0x00000000080023f0                CAN2_SCE_IRQHandler
                0x00000000080023f0                DMA2_Stream2_IRQHandler
                0x00000000080023f0                SPI1_IRQHandler
                0x00000000080023f0                TIM6_DAC_IRQHandler
                0x00000000080023f0                TIM1_BRK_TIM9_IRQHandler
                0x00000000080023f0                DCMI_IRQHandler
                0x00000000080023f0                CAN2_RX0_IRQHandler
                0x00000000080023f0                DMA2_Stream3_IRQHandler
                0x00000000080023f0                USART6_IRQHandler
                0x00000000080023f0                USART3_IRQHandler
                0x00000000080023f0                CAN1_RX1_IRQHandler
                0x00000000080023f0                UART5_IRQHandler
                0x00000000080023f0                DMA2_Stream0_IRQHandler
                0x00000000080023f0                TIM4_IRQHandler
                0x00000000080023f0                I2C1_EV_IRQHandler
                0x00000000080023f0                DMA1_Stream6_IRQHandler
                0x00000000080023f0                DMA1_Stream1_IRQHandler
                0x00000000080023f0                UART4_IRQHandler
                0x00000000080023f0                TIM3_IRQHandler
                0x00000000080023f0                RCC_IRQHandler
                0x00000000080023f0                TIM8_BRK_TIM12_IRQHandler
                0x00000000080023f0                Default_Handler
                0x00000000080023f0                EXTI15_10_IRQHandler
                0x00000000080023f0                ADC_IRQHandler
                0x00000000080023f0                DMA1_Stream7_IRQHandler
                0x00000000080023f0                TIM7_IRQHandler
                0x00000000080023f0                CAN2_TX_IRQHandler
                0x00000000080023f0                TIM5_IRQHandler
                0x00000000080023f0                DMA2_Stream7_IRQHandler
                0x00000000080023f0                I2C3_EV_IRQHandler
                0x00000000080023f0                EXTI9_5_IRQHandler
                0x00000000080023f0                RTC_WKUP_IRQHandler
                0x00000000080023f0                ETH_WKUP_IRQHandler
                0x00000000080023f0                SPI2_IRQHandler
                0x00000000080023f0                OTG_HS_EP1_IN_IRQHandler
                0x00000000080023f0                DMA1_Stream0_IRQHandler
                0x00000000080023f0                EXTI4_IRQHandler
                0x00000000080023f0                FSMC_IRQHandler
                0x00000000080023f0                ETH_IRQHandler
                0x00000000080023f0                OTG_HS_EP1_OUT_IRQHandler
                0x00000000080023f0                WWDG_IRQHandler
                0x00000000080023f0                TIM2_IRQHandler
                0x00000000080023f0                OTG_FS_WKUP_IRQHandler
                0x00000000080023f0                TIM1_TRG_COM_TIM11_IRQHandler
                0x00000000080023f0                OTG_HS_IRQHandler
                0x00000000080023f0                EXTI1_IRQHandler
                0x00000000080023f0                USART2_IRQHandler
                0x00000000080023f0                I2C2_ER_IRQHandler
                0x00000000080023f0                DMA2_Stream1_IRQHandler
                0x00000000080023f0                CAN1_SCE_IRQHandler
                0x00000000080023f0                FLASH_IRQHandler
                0x00000000080023f0                DMA2_Stream4_IRQHandler
                0x00000000080023f0                USART1_IRQHandler
                0x00000000080023f0                OTG_FS_IRQHandler
                0x00000000080023f0                SPI3_IRQHandler
                0x00000000080023f0                DMA1_Stream4_IRQHandler
                0x00000000080023f0                I2C1_ER_IRQHandler
                0x00000000080023f0                DMA2_Stream6_IRQHandler
                0x00000000080023f0                DMA1_Stream3_IRQHandler
 *fill*         0x00000000080023f2        0x2 
 .text.HAL_Init
                0x00000000080023f4       0x44 Drivers/STM32F4xx_HAL_Driver/Src/stm32f4xx_hal.o
                0x00000000080023f4                HAL_Init
 .text.HAL_InitTick
                0x0000000008002438       0x60 Drivers/STM32F4xx_HAL_Driver/Src/stm32f4xx_hal.o
                0x0000000008002438                HAL_InitTick
 .text.HAL_GetTick
                0x0000000008002498       0x18 Drivers/STM32F4xx_HAL_Driver/Src/stm32f4xx_hal.o
                0x0000000008002498                HAL_GetTick
 .text.__NVIC_SetPriorityGrouping
                0x00000000080024b0       0x48 Drivers/STM32F4xx_HAL_Driver/Src/stm32f4xx_hal_cortex.o
 .text.__NVIC_GetPriorityGrouping
                0x00000000080024f8       0x1c Drivers/STM32F4xx_HAL_Driver/Src/stm32f4xx_hal_cortex.o
 .text.__NVIC_SetPriority
                0x0000000008002514       0x54 Drivers/STM32F4xx_HAL_Driver/Src/stm32f4xx_hal_cortex.o
 .text.NVIC_EncodePriority
                0x0000000008002568       0x66 Drivers/STM32F4xx_HAL_Driver/Src/stm32f4xx_hal_cortex.o
 *fill*         0x00000000080025ce        0x2 
 .text.SysTick_Config
                0x00000000080025d0       0x44 Drivers/STM32F4xx_HAL_Driver/Src/stm32f4xx_hal_cortex.o
 .text.HAL_NVIC_SetPriorityGrouping
                0x0000000008002614       0x16 Drivers/STM32F4xx_HAL_Driver/Src/stm32f4xx_hal_cortex.o
                0x0000000008002614                HAL_NVIC_SetPriorityGrouping
 .text.HAL_NVIC_SetPriority
                0x000000000800262a       0x38 Drivers/STM32F4xx_HAL_Driver/Src/stm32f4xx_hal_cortex.o
                0x000000000800262a                HAL_NVIC_SetPriority
 .text.HAL_SYSTICK_Config
                0x0000000008002662       0x18 Drivers/STM32F4xx_HAL_Driver/Src/stm32f4xx_hal_cortex.o
                0x0000000008002662                HAL_SYSTICK_Config
 *fill*         0x000000000800267a        0x2 
 .text.HAL_RCC_OscConfig
                0x000000000800267c      0x4e0 Drivers/STM32F4xx_HAL_Driver/Src/stm32f4xx_hal_rcc.o
                0x000000000800267c                HAL_RCC_OscConfig
 .text.HAL_RCC_ClockConfig
                0x0000000008002b5c      0x1cc Drivers/STM32F4xx_HAL_Driver/Src/stm32f4xx_hal_rcc.o
                0x0000000008002b5c                HAL_RCC_ClockConfig
 .text.HAL_RCC_GetSysClockFreq
                0x0000000008002d28      0x1b0 Drivers/STM32F4xx_HAL_Driver/Src/stm32f4xx_hal_rcc.o
                0x0000000008002d28                HAL_RCC_GetSysClockFreq
 .text.__libc_init_array
                0x0000000008002ed8       0x48 c:/st/stm32cubeide_1.2.0/stm32cubeide/plugins/com.st.stm32cube.ide.mcu.externaltools.gnu-tools-for-stm32.7-2018-q2-update.win32_1.0.0.201904181610/tools/bin/../lib/gcc/arm-none-eabi/7.3.1/../../../../arm-none-eabi/lib/thumb/v7e-m/fpv4-sp/hard\libc_nano.a(lib_a-init.o)
                0x0000000008002ed8                __libc_init_array
 .text.memcpy   0x0000000008002f20       0x16 c:/st/stm32cubeide_1.2.0/stm32cubeide/plugins/com.st.stm32cube.ide.mcu.externaltools.gnu-tools-for-stm32.7-2018-q2-update.win32_1.0.0.201904181610/tools/bin/../lib/gcc/arm-none-eabi/7.3.1/../../../../arm-none-eabi/lib/thumb/v7e-m/fpv4-sp/hard\libc_nano.a(lib_a-memcpy-stub.o)
                0x0000000008002f20                memcpy
 .text.memset   0x0000000008002f36       0x10 c:/st/stm32cubeide_1.2.0/stm32cubeide/plugins/com.st.stm32cube.ide.mcu.externaltools.gnu-tools-for-stm32.7-2018-q2-update.win32_1.0.0.201904181610/tools/bin/../lib/gcc/arm-none-eabi/7.3.1/../../../../arm-none-eabi/lib/thumb/v7e-m/fpv4-sp/hard\libc_nano.a(lib_a-memset.o)
                0x0000000008002f36                memset
 *(.glue_7)
 .glue_7        0x0000000008002f46        0x0 linker stubs
 *(.glue_7t)
 .glue_7t       0x0000000008002f46        0x0 linker stubs
 *(.eh_frame)
 *fill*         0x0000000008002f46        0x2 
 .eh_frame      0x0000000008002f48        0x0 c:/st/stm32cubeide_1.2.0/stm32cubeide/plugins/com.st.stm32cube.ide.mcu.externaltools.gnu-tools-for-stm32.7-2018-q2-update.win32_1.0.0.201904181610/tools/bin/../lib/gcc/arm-none-eabi/7.3.1/thumb/v7e-m/fpv4-sp/hard/crtbegin.o
 *(.init)
 .init          0x0000000008002f48        0x4 c:/st/stm32cubeide_1.2.0/stm32cubeide/plugins/com.st.stm32cube.ide.mcu.externaltools.gnu-tools-for-stm32.7-2018-q2-update.win32_1.0.0.201904181610/tools/bin/../lib/gcc/arm-none-eabi/7.3.1/thumb/v7e-m/fpv4-sp/hard/crti.o
                0x0000000008002f48                _init
 .init          0x0000000008002f4c        0x8 c:/st/stm32cubeide_1.2.0/stm32cubeide/plugins/com.st.stm32cube.ide.mcu.externaltools.gnu-tools-for-stm32.7-2018-q2-update.win32_1.0.0.201904181610/tools/bin/../lib/gcc/arm-none-eabi/7.3.1/thumb/v7e-m/fpv4-sp/hard/crtn.o
 *(.fini)
 .fini          0x0000000008002f54        0x4 c:/st/stm32cubeide_1.2.0/stm32cubeide/plugins/com.st.stm32cube.ide.mcu.externaltools.gnu-tools-for-stm32.7-2018-q2-update.win32_1.0.0.201904181610/tools/bin/../lib/gcc/arm-none-eabi/7.3.1/thumb/v7e-m/fpv4-sp/hard/crti.o
                0x0000000008002f54                _fini
 .fini          0x0000000008002f58        0x8 c:/st/stm32cubeide_1.2.0/stm32cubeide/plugins/com.st.stm32cube.ide.mcu.externaltools.gnu-tools-for-stm32.7-2018-q2-update.win32_1.0.0.201904181610/tools/bin/../lib/gcc/arm-none-eabi/7.3.1/thumb/v7e-m/fpv4-sp/hard/crtn.o
                0x0000000008002f60                . = ALIGN (0x4)
                0x0000000008002f60                _etext = .

.vfp11_veneer   0x0000000008002f60        0x0
 .vfp11_veneer  0x0000000008002f60        0x0 linker stubs

.v4_bx          0x0000000008002f60        0x0
 .v4_bx         0x0000000008002f60        0x0 linker stubs

.iplt           0x0000000008002f60        0x0
 .iplt          0x0000000008002f60        0x0 c:/st/stm32cubeide_1.2.0/stm32cubeide/plugins/com.st.stm32cube.ide.mcu.externaltools.gnu-tools-for-stm32.7-2018-q2-update.win32_1.0.0.201904181610/tools/bin/../lib/gcc/arm-none-eabi/7.3.1/thumb/v7e-m/fpv4-sp/hard/crtbegin.o

.rodata         0x0000000008002f60       0x10
                0x0000000008002f60                . = ALIGN (0x4)
 *(.rodata)
 *(.rodata*)
 .rodata.AHBPrescTable
                0x0000000008002f60       0x10 Core/Src/system_stm32f4xx.o
                0x0000000008002f60                AHBPrescTable
                0x0000000008002f70                . = ALIGN (0x4)

.ARM.extab      0x0000000008002f70        0x0
                0x0000000008002f70                . = ALIGN (0x4)
 *(.ARM.extab* .gnu.linkonce.armextab.*)
                0x0000000008002f70                . = ALIGN (0x4)

.ARM            0x0000000008002f70        0x8
                0x0000000008002f70                . = ALIGN (0x4)
                0x0000000008002f70                __exidx_start = .
 *(.ARM.exidx*)
 .ARM.exidx     0x0000000008002f70        0x8 c:/st/stm32cubeide_1.2.0/stm32cubeide/plugins/com.st.stm32cube.ide.mcu.externaltools.gnu-tools-for-stm32.7-2018-q2-update.win32_1.0.0.201904181610/tools/bin/../lib/gcc/arm-none-eabi/7.3.1/thumb/v7e-m/fpv4-sp/hard\libgcc.a(_udivmoddi4.o)
                0x0000000008002f78                __exidx_end = .
                0x0000000008002f78                . = ALIGN (0x4)

.rel.dyn        0x0000000008002f78        0x0
 .rel.iplt      0x0000000008002f78        0x0 c:/st/stm32cubeide_1.2.0/stm32cubeide/plugins/com.st.stm32cube.ide.mcu.externaltools.gnu-tools-for-stm32.7-2018-q2-update.win32_1.0.0.201904181610/tools/bin/../lib/gcc/arm-none-eabi/7.3.1/thumb/v7e-m/fpv4-sp/hard/crtbegin.o

.preinit_array  0x0000000008002f78        0x0
                0x0000000008002f78                . = ALIGN (0x4)
                0x0000000008002f78                PROVIDE (__preinit_array_start = .)
 *(.preinit_array*)
                0x0000000008002f78                PROVIDE (__preinit_array_end = .)
                0x0000000008002f78                . = ALIGN (0x4)

.init_array     0x0000000008002f78        0x8
                0x0000000008002f78                . = ALIGN (0x4)
                0x0000000008002f78                PROVIDE (__init_array_start = .)
 *(SORT_BY_NAME(.init_array.*))
 *(.init_array*)
 .init_array    0x0000000008002f78        0x4 c:/st/stm32cubeide_1.2.0/stm32cubeide/plugins/com.st.stm32cube.ide.mcu.externaltools.gnu-tools-for-stm32.7-2018-q2-update.win32_1.0.0.201904181610/tools/bin/../lib/gcc/arm-none-eabi/7.3.1/thumb/v7e-m/fpv4-sp/hard/crtbegin.o
 .init_array    0x0000000008002f7c        0x4 Core/Src/main.o
                0x0000000008002f80                PROVIDE (__init_array_end = .)
                0x0000000008002f80                . = ALIGN (0x4)

.fini_array     0x0000000008002f80        0x4
                0x0000000008002f80                . = ALIGN (0x4)
                [!provide]                        PROVIDE (__fini_array_start = .)
 *(SORT_BY_NAME(.fini_array.*))
 *(.fini_array*)
 .fini_array    0x0000000008002f80        0x4 c:/st/stm32cubeide_1.2.0/stm32cubeide/plugins/com.st.stm32cube.ide.mcu.externaltools.gnu-tools-for-stm32.7-2018-q2-update.win32_1.0.0.201904181610/tools/bin/../lib/gcc/arm-none-eabi/7.3.1/thumb/v7e-m/fpv4-sp/hard/crtbegin.o
                [!provide]                        PROVIDE (__fini_array_end = .)
                0x0000000008002f84                . = ALIGN (0x4)
                0x0000000008002f84                _sidata = LOADADDR (.data)

.data           0x0000000020000000        0xc load address 0x0000000008002f84
                0x0000000020000000                . = ALIGN (0x4)
                0x0000000020000000                _sdata = .
 *(.data)
 *(.data*)
 .data.SystemCoreClock
                0x0000000020000000        0x4 Core/Src/system_stm32f4xx.o
                0x0000000020000000                SystemCoreClock
 .data.uwTickPrio
                0x0000000020000004        0x4 Drivers/STM32F4xx_HAL_Driver/Src/stm32f4xx_hal.o
                0x0000000020000004                uwTickPrio
 .data.uwTickFreq
                0x0000000020000008        0x1 Drivers/STM32F4xx_HAL_Driver/Src/stm32f4xx_hal.o
                0x0000000020000008                uwTickFreq
                0x000000002000000c                . = ALIGN (0x4)
 *fill*         0x0000000020000009        0x3 
                0x000000002000000c                _edata = .

.igot.plt       0x000000002000000c        0x0 load address 0x0000000008002f90
 .igot.plt      0x000000002000000c        0x0 c:/st/stm32cubeide_1.2.0/stm32cubeide/plugins/com.st.stm32cube.ide.mcu.externaltools.gnu-tools-for-stm32.7-2018-q2-update.win32_1.0.0.201904181610/tools/bin/../lib/gcc/arm-none-eabi/7.3.1/thumb/v7e-m/fpv4-sp/hard/crtbegin.o
                0x000000002000000c                . = ALIGN (0x4)

.bss            0x000000002000000c    0x1044c load address 0x0000000008002f90
                0x000000002000000c                _sbss = .
                0x000000002000000c                __bss_start__ = _sbss
 *(.bss)
 .bss           0x000000002000000c       0x1c c:/st/stm32cubeide_1.2.0/stm32cubeide/plugins/com.st.stm32cube.ide.mcu.externaltools.gnu-tools-for-stm32.7-2018-q2-update.win32_1.0.0.201904181610/tools/bin/../lib/gcc/arm-none-eabi/7.3.1/thumb/v7e-m/fpv4-sp/hard/crtbegin.o
 *(.bss*)
 .bss.tick      0x0000000020000028        0x1 Core/Src/main.o
                0x0000000020000028                tick
 *fill*         0x0000000020000029        0x3 
 .bss.canDrv    0x000000002000002c      0x414 Core/Src/main.o
                0x000000002000002c                canDrv
 .bss.motor     0x0000000020000440        0x4 Core/Src/main.o
                0x0000000020000440                motor
 .bss.appClk    0x0000000020000444        0x4 Core/Src/main.o
                0x0000000020000444                appClk
 .bss.counter1  0x0000000020000448        0x4 Core/Src/main.o
                0x0000000020000448                counter1
 .bss.indexTable_1
                0x000000002000044c        0x4 Core/Src/main.o
                0x000000002000044c                indexTable_1
 .bss.indexTable_2
                0x0000000020000450        0x4 Core/Src/main.o
                0x0000000020000450                indexTable_2
 .bss.bufData_1
                0x0000000020000454     0x8000 Core/Src/main.o
                0x0000000020000454                bufData_1
 .bss.bufData_2
                0x0000000020008454     0x8000 Core/Src/main.o
                0x0000000020008454                bufData_2
 *(COMMON)
 COMMON         0x0000000020010454        0x4 Drivers/STM32F4xx_HAL_Driver/Src/stm32f4xx_hal.o
                0x0000000020010454                uwTick
                0x0000000020010458                . = ALIGN (0x4)
                0x0000000020010458                _ebss = .
                0x0000000020010458                __bss_end__ = _ebss

._user_heap_stack
                0x0000000020010458      0x600 load address 0x0000000008002f90
                0x0000000020010458                . = ALIGN (0x8)
                0x0000000020010458                PROVIDE (end = .)
                [!provide]                        PROVIDE (_end = .)
                0x0000000020010658                . = (. + _Min_Heap_Size)
 *fill*         0x0000000020010458      0x200 
                0x0000000020010a58                . = (. + _Min_Stack_Size)
 *fill*         0x0000000020010658      0x400 
                0x0000000020010a58                . = ALIGN (0x8)

/DISCARD/
 libc.a(*)
 libm.a(*)
 libgcc.a(*)

.ARM.attributes
                0x0000000000000000       0x30
 *(.ARM.attributes)
 .ARM.attributes
                0x0000000000000000       0x22 c:/st/stm32cubeide_1.2.0/stm32cubeide/plugins/com.st.stm32cube.ide.mcu.externaltools.gnu-tools-for-stm32.7-2018-q2-update.win32_1.0.0.201904181610/tools/bin/../lib/gcc/arm-none-eabi/7.3.1/thumb/v7e-m/fpv4-sp/hard/crti.o
 .ARM.attributes
                0x0000000000000022       0x34 c:/st/stm32cubeide_1.2.0/stm32cubeide/plugins/com.st.stm32cube.ide.mcu.externaltools.gnu-tools-for-stm32.7-2018-q2-update.win32_1.0.0.201904181610/tools/bin/../lib/gcc/arm-none-eabi/7.3.1/thumb/v7e-m/fpv4-sp/hard/crtbegin.o
 .ARM.attributes
                0x0000000000000056       0x39 Core/Src/main.o
 .ARM.attributes
                0x000000000000008f       0x39 Core/Src/stm32f4xx_hal_msp.o
 .ARM.attributes
                0x00000000000000c8       0x39 Core/Src/stm32f4xx_it.o
 .ARM.attributes
                0x0000000000000101       0x39 Core/Src/system_stm32f4xx.o
 .ARM.attributes
                0x000000000000013a       0x21 Core/Startup/startup_stm32f407vgtx.o
 .ARM.attributes
                0x000000000000015b       0x39 Drivers/STM32F4xx_HAL_Driver/Src/stm32f4xx_hal.o
 .ARM.attributes
                0x0000000000000194       0x39 Drivers/STM32F4xx_HAL_Driver/Src/stm32f4xx_hal_cortex.o
 .ARM.attributes
                0x00000000000001cd       0x39 Drivers/STM32F4xx_HAL_Driver/Src/stm32f4xx_hal_rcc.o
 .ARM.attributes
                0x0000000000000206       0x34 c:/st/stm32cubeide_1.2.0/stm32cubeide/plugins/com.st.stm32cube.ide.mcu.externaltools.gnu-tools-for-stm32.7-2018-q2-update.win32_1.0.0.201904181610/tools/bin/../lib/gcc/arm-none-eabi/7.3.1/../../../../arm-none-eabi/lib/thumb/v7e-m/fpv4-sp/hard\libc_nano.a(lib_a-init.o)
 .ARM.attributes
                0x000000000000023a       0x34 c:/st/stm32cubeide_1.2.0/stm32cubeide/plugins/com.st.stm32cube.ide.mcu.externaltools.gnu-tools-for-stm32.7-2018-q2-update.win32_1.0.0.201904181610/tools/bin/../lib/gcc/arm-none-eabi/7.3.1/../../../../arm-none-eabi/lib/thumb/v7e-m/fpv4-sp/hard\libc_nano.a(lib_a-memcpy-stub.o)
 .ARM.attributes
                0x000000000000026e       0x34 c:/st/stm32cubeide_1.2.0/stm32cubeide/plugins/com.st.stm32cube.ide.mcu.externaltools.gnu-tools-for-stm32.7-2018-q2-update.win32_1.0.0.201904181610/tools/bin/../lib/gcc/arm-none-eabi/7.3.1/../../../../arm-none-eabi/lib/thumb/v7e-m/fpv4-sp/hard\libc_nano.a(lib_a-memset.o)
 .ARM.attributes
                0x00000000000002a2       0x22 c:/st/stm32cubeide_1.2.0/stm32cubeide/plugins/com.st.stm32cube.ide.mcu.externaltools.gnu-tools-for-stm32.7-2018-q2-update.win32_1.0.0.201904181610/tools/bin/../lib/gcc/arm-none-eabi/7.3.1/thumb/v7e-m/fpv4-sp/hard\libgcc.a(_arm_addsubdf3.o)
 .ARM.attributes
                0x00000000000002c4       0x22 c:/st/stm32cubeide_1.2.0/stm32cubeide/plugins/com.st.stm32cube.ide.mcu.externaltools.gnu-tools-for-stm32.7-2018-q2-update.win32_1.0.0.201904181610/tools/bin/../lib/gcc/arm-none-eabi/7.3.1/thumb/v7e-m/fpv4-sp/hard\libgcc.a(_arm_muldivdf3.o)
 .ARM.attributes
                0x00000000000002e6       0x22 c:/st/stm32cubeide_1.2.0/stm32cubeide/plugins/com.st.stm32cube.ide.mcu.externaltools.gnu-tools-for-stm32.7-2018-q2-update.win32_1.0.0.201904181610/tools/bin/../lib/gcc/arm-none-eabi/7.3.1/thumb/v7e-m/fpv4-sp/hard\libgcc.a(_arm_cmpdf2.o)
 .ARM.attributes
                0x0000000000000308       0x22 c:/st/stm32cubeide_1.2.0/stm32cubeide/plugins/com.st.stm32cube.ide.mcu.externaltools.gnu-tools-for-stm32.7-2018-q2-update.win32_1.0.0.201904181610/tools/bin/../lib/gcc/arm-none-eabi/7.3.1/thumb/v7e-m/fpv4-sp/hard\libgcc.a(_arm_truncdfsf2.o)
 .ARM.attributes
                0x000000000000032a       0x22 c:/st/stm32cubeide_1.2.0/stm32cubeide/plugins/com.st.stm32cube.ide.mcu.externaltools.gnu-tools-for-stm32.7-2018-q2-update.win32_1.0.0.201904181610/tools/bin/../lib/gcc/arm-none-eabi/7.3.1/thumb/v7e-m/fpv4-sp/hard\libgcc.a(_aeabi_uldivmod.o)
 .ARM.attributes
                0x000000000000034c       0x34 c:/st/stm32cubeide_1.2.0/stm32cubeide/plugins/com.st.stm32cube.ide.mcu.externaltools.gnu-tools-for-stm32.7-2018-q2-update.win32_1.0.0.201904181610/tools/bin/../lib/gcc/arm-none-eabi/7.3.1/thumb/v7e-m/fpv4-sp/hard\libgcc.a(_udivmoddi4.o)
 .ARM.attributes
                0x0000000000000380       0x22 c:/st/stm32cubeide_1.2.0/stm32cubeide/plugins/com.st.stm32cube.ide.mcu.externaltools.gnu-tools-for-stm32.7-2018-q2-update.win32_1.0.0.201904181610/tools/bin/../lib/gcc/arm-none-eabi/7.3.1/thumb/v7e-m/fpv4-sp/hard\libgcc.a(_dvmd_tls.o)
 .ARM.attributes
                0x00000000000003a2       0x22 c:/st/stm32cubeide_1.2.0/stm32cubeide/plugins/com.st.stm32cube.ide.mcu.externaltools.gnu-tools-for-stm32.7-2018-q2-update.win32_1.0.0.201904181610/tools/bin/../lib/gcc/arm-none-eabi/7.3.1/thumb/v7e-m/fpv4-sp/hard/crtn.o
OUTPUT(motorcontrol.elf elf32-littlearm)

.debug_info     0x0000000000000000     0x5c50
 .debug_info    0x0000000000000000     0x310e Core/Src/main.o
 .debug_info    0x000000000000310e      0x362 Core/Src/stm32f4xx_hal_msp.o
 .debug_info    0x0000000000003470      0x1f9 Core/Src/stm32f4xx_it.o
 .debug_info    0x0000000000003669      0x554 Core/Src/system_stm32f4xx.o
 .debug_info    0x0000000000003bbd       0x22 Core/Startup/startup_stm32f407vgtx.o
 .debug_info    0x0000000000003bdf      0x945 Drivers/STM32F4xx_HAL_Driver/Src/stm32f4xx_hal.o
 .debug_info    0x0000000000004524      0xe28 Drivers/STM32F4xx_HAL_Driver/Src/stm32f4xx_hal_cortex.o
 .debug_info    0x000000000000534c      0x904 Drivers/STM32F4xx_HAL_Driver/Src/stm32f4xx_hal_rcc.o

.debug_abbrev   0x0000000000000000     0x10b9
 .debug_abbrev  0x0000000000000000      0x6bf Core/Src/main.o
 .debug_abbrev  0x00000000000006bf      0x109 Core/Src/stm32f4xx_hal_msp.o
 .debug_abbrev  0x00000000000007c8       0xae Core/Src/stm32f4xx_it.o
 .debug_abbrev  0x0000000000000876      0x12b Core/Src/system_stm32f4xx.o
 .debug_abbrev  0x00000000000009a1       0x12 Core/Startup/startup_stm32f407vgtx.o
 .debug_abbrev  0x00000000000009b3      0x1c7 Drivers/STM32F4xx_HAL_Driver/Src/stm32f4xx_hal.o
 .debug_abbrev  0x0000000000000b7a      0x2fa Drivers/STM32F4xx_HAL_Driver/Src/stm32f4xx_hal_cortex.o
 .debug_abbrev  0x0000000000000e74      0x245 Drivers/STM32F4xx_HAL_Driver/Src/stm32f4xx_hal_rcc.o

.debug_aranges  0x0000000000000000      0x4f0
 .debug_aranges
                0x0000000000000000      0x198 Core/Src/main.o
 .debug_aranges
                0x0000000000000198       0x20 Core/Src/stm32f4xx_hal_msp.o
 .debug_aranges
                0x00000000000001b8       0x58 Core/Src/stm32f4xx_it.o
 .debug_aranges
                0x0000000000000210       0x28 Core/Src/system_stm32f4xx.o
 .debug_aranges
                0x0000000000000238       0x28 Core/Startup/startup_stm32f407vgtx.o
 .debug_aranges
                0x0000000000000260       0xf0 Drivers/STM32F4xx_HAL_Driver/Src/stm32f4xx_hal.o
 .debug_aranges
                0x0000000000000350      0x118 Drivers/STM32F4xx_HAL_Driver/Src/stm32f4xx_hal_cortex.o
 .debug_aranges
                0x0000000000000468       0x88 Drivers/STM32F4xx_HAL_Driver/Src/stm32f4xx_hal_rcc.o

.debug_ranges   0x0000000000000000      0x490
 .debug_ranges  0x0000000000000000      0x1a0 Core/Src/main.o
 .debug_ranges  0x00000000000001a0       0x10 Core/Src/stm32f4xx_hal_msp.o
 .debug_ranges  0x00000000000001b0       0x48 Core/Src/stm32f4xx_it.o
 .debug_ranges  0x00000000000001f8       0x18 Core/Src/system_stm32f4xx.o
 .debug_ranges  0x0000000000000210       0x20 Core/Startup/startup_stm32f407vgtx.o
 .debug_ranges  0x0000000000000230       0xe0 Drivers/STM32F4xx_HAL_Driver/Src/stm32f4xx_hal.o
 .debug_ranges  0x0000000000000310      0x108 Drivers/STM32F4xx_HAL_Driver/Src/stm32f4xx_hal_cortex.o
 .debug_ranges  0x0000000000000418       0x78 Drivers/STM32F4xx_HAL_Driver/Src/stm32f4xx_hal_rcc.o

.debug_macro    0x0000000000000000    0x21ab7
 .debug_macro   0x0000000000000000      0x373 Core/Src/main.o
 .debug_macro   0x0000000000000373      0xb2c Core/Src/main.o
 .debug_macro   0x0000000000000e9f      0x17e Core/Src/main.o
 .debug_macro   0x000000000000101d       0x32 Core/Src/main.o
 .debug_macro   0x000000000000104f       0x2f Core/Src/main.o
 .debug_macro   0x000000000000107e       0x1c Core/Src/main.o
 .debug_macro   0x000000000000109a       0x22 Core/Src/main.o
 .debug_macro   0x00000000000010bc       0x8e Core/Src/main.o
 .debug_macro   0x000000000000114a       0x51 Core/Src/main.o
 .debug_macro   0x000000000000119b       0xef Core/Src/main.o
 .debug_macro   0x000000000000128a       0x6a Core/Src/main.o
 .debug_macro   0x00000000000012f4      0x1df Core/Src/main.o
 .debug_macro   0x00000000000014d3       0x1c Core/Src/main.o
 .debug_macro   0x00000000000014ef       0x22 Core/Src/main.o
 .debug_macro   0x0000000000001511       0xdf Core/Src/main.o
 .debug_macro   0x00000000000015f0     0x102d Core/Src/main.o
 .debug_macro   0x000000000000261d      0x11f Core/Src/main.o
 .debug_macro   0x000000000000273c    0x15e3c Core/Src/main.o
 .debug_macro   0x0000000000018578       0x43 Core/Src/main.o
 .debug_macro   0x00000000000185bb     0x3652 Core/Src/main.o
 .debug_macro   0x000000000001bc0d      0x17b Core/Src/main.o
 .debug_macro   0x000000000001bd88       0x5a Core/Src/main.o
 .debug_macro   0x000000000001bde2      0x96b Core/Src/main.o
 .debug_macro   0x000000000001c74d      0x9fe Core/Src/main.o
 .debug_macro   0x000000000001d14b      0x174 Core/Src/main.o
 .debug_macro   0x000000000001d2bf      0x117 Core/Src/main.o
 .debug_macro   0x000000000001d3d6      0x13e Core/Src/main.o
 .debug_macro   0x000000000001d514       0x27 Core/Src/main.o
 .debug_macro   0x000000000001d53b      0x287 Core/Src/main.o
 .debug_macro   0x000000000001d7c2       0x5f Core/Src/main.o
 .debug_macro   0x000000000001d821      0x236 Core/Src/main.o
 .debug_macro   0x000000000001da57      0x12c Core/Src/main.o
 .debug_macro   0x000000000001db83      0x21e Core/Src/main.o
 .debug_macro   0x000000000001dda1       0x2e Core/Src/main.o
 .debug_macro   0x000000000001ddcf      0x11a Core/Src/main.o
 .debug_macro   0x000000000001dee9       0x7e Core/Src/main.o
 .debug_macro   0x000000000001df67       0x89 Core/Src/main.o
 .debug_macro   0x000000000001dff0      0x12d Core/Src/main.o
 .debug_macro   0x000000000001e11d       0x46 Core/Src/main.o
 .debug_macro   0x000000000001e163       0x18 Core/Src/main.o
 .debug_macro   0x000000000001e17b       0x3c Core/Src/main.o
 .debug_macro   0x000000000001e1b7       0x34 Core/Src/main.o
 .debug_macro   0x000000000001e1eb       0x52 Core/Src/main.o
 .debug_macro   0x000000000001e23d       0x1f Core/Src/main.o
 .debug_macro   0x000000000001e25c       0x43 Core/Src/main.o
 .debug_macro   0x000000000001e29f       0x20 Core/Src/main.o
 .debug_macro   0x000000000001e2bf      0x1a3 Core/Src/main.o
 .debug_macro   0x000000000001e462      0x34d Core/Src/main.o
 .debug_macro   0x000000000001e7af       0x10 Core/Src/main.o
 .debug_macro   0x000000000001e7bf       0x35 Core/Src/main.o
 .debug_macro   0x000000000001e7f4       0x20 Core/Src/main.o
 .debug_macro   0x000000000001e814      0x168 Core/Src/main.o
 .debug_macro   0x000000000001e97c       0x10 Core/Src/main.o
 .debug_macro   0x000000000001e98c      0x3f4 Core/Src/main.o
 .debug_macro   0x000000000001ed80       0x18 Core/Src/main.o
 .debug_macro   0x000000000001ed98      0x1da Core/Src/main.o
 .debug_macro   0x000000000001ef72       0x10 Core/Src/main.o
 .debug_macro   0x000000000001ef82       0x16 Core/Src/main.o
 .debug_macro   0x000000000001ef98       0x16 Core/Src/main.o
 .debug_macro   0x000000000001efae       0x29 Core/Src/main.o
 .debug_macro   0x000000000001efd7       0x10 Core/Src/main.o
 .debug_macro   0x000000000001efe7      0x3c7 Core/Src/main.o
 .debug_macro   0x000000000001f3ae       0x46 Core/Src/main.o
 .debug_macro   0x000000000001f3f4      0x1ba Core/Src/stm32f4xx_hal_msp.o
 .debug_macro   0x000000000001f5ae      0xa5a Core/Src/stm32f4xx_hal_msp.o
 .debug_macro   0x0000000000020008     0x102d Core/Src/stm32f4xx_hal_msp.o
 .debug_macro   0x0000000000021035      0x174 Core/Src/stm32f4xx_hal_msp.o
 .debug_macro   0x00000000000211a9      0x1c4 Core/Src/stm32f4xx_it.o
 .debug_macro   0x000000000002136d      0x1b6 Core/Src/system_stm32f4xx.o
 .debug_macro   0x0000000000021523      0x210 Drivers/STM32F4xx_HAL_Driver/Src/stm32f4xx_hal.o
 .debug_macro   0x0000000000021733      0x1b0 Drivers/STM32F4xx_HAL_Driver/Src/stm32f4xx_hal_cortex.o
 .debug_macro   0x00000000000218e3      0x1d4 Drivers/STM32F4xx_HAL_Driver/Src/stm32f4xx_hal_rcc.o

.debug_line     0x0000000000000000     0x41ad
 .debug_line    0x0000000000000000     0x121f Core/Src/main.o
 .debug_line    0x000000000000121f      0x678 Core/Src/stm32f4xx_hal_msp.o
 .debug_line    0x0000000000001897      0x70a Core/Src/stm32f4xx_it.o
 .debug_line    0x0000000000001fa1      0x693 Core/Src/system_stm32f4xx.o
 .debug_line    0x0000000000002634       0x86 Core/Startup/startup_stm32f407vgtx.o
 .debug_line    0x00000000000026ba      0x87d Drivers/STM32F4xx_HAL_Driver/Src/stm32f4xx_hal.o
 .debug_line    0x0000000000002f37      0x9a1 Drivers/STM32F4xx_HAL_Driver/Src/stm32f4xx_hal_cortex.o
 .debug_line    0x00000000000038d8      0x8d5 Drivers/STM32F4xx_HAL_Driver/Src/stm32f4xx_hal_rcc.o

.debug_str      0x0000000000000000    0xc16d5
 .debug_str     0x0000000000000000    0xc07d2 Core/Src/main.o
                                      0xc0d5f (size before relaxing)
 .debug_str     0x00000000000c07d2      0x1f8 Core/Src/stm32f4xx_hal_msp.o
                                      0xb9c0a (size before relaxing)
 .debug_str     0x00000000000c09ca       0xad Core/Src/stm32f4xx_it.o
                                      0xb9b88 (size before relaxing)
 .debug_str     0x00000000000c0a77       0xc4 Core/Src/system_stm32f4xx.o
                                      0xb9c91 (size before relaxing)
 .debug_str     0x00000000000c0b3b       0x36 Core/Startup/startup_stm32f407vgtx.o
                                         0x5d (size before relaxing)
 .debug_str     0x00000000000c0b71      0x57b Drivers/STM32F4xx_HAL_Driver/Src/stm32f4xx_hal.o
                                      0xba75e (size before relaxing)
 .debug_str     0x00000000000c10ec      0x35a Drivers/STM32F4xx_HAL_Driver/Src/stm32f4xx_hal_cortex.o
                                      0xba54d (size before relaxing)
 .debug_str     0x00000000000c1446      0x28f Drivers/STM32F4xx_HAL_Driver/Src/stm32f4xx_hal_rcc.o
                                      0xba07e (size before relaxing)

.comment        0x0000000000000000       0x7b
 .comment       0x0000000000000000       0x7b Core/Src/main.o
                                         0x7c (size before relaxing)
 .comment       0x000000000000007b       0x7c Core/Src/stm32f4xx_hal_msp.o
 .comment       0x000000000000007b       0x7c Core/Src/stm32f4xx_it.o
 .comment       0x000000000000007b       0x7c Core/Src/system_stm32f4xx.o
 .comment       0x000000000000007b       0x7c Drivers/STM32F4xx_HAL_Driver/Src/stm32f4xx_hal.o
 .comment       0x000000000000007b       0x7c Drivers/STM32F4xx_HAL_Driver/Src/stm32f4xx_hal_cortex.o
 .comment       0x000000000000007b       0x7c Drivers/STM32F4xx_HAL_Driver/Src/stm32f4xx_hal_rcc.o

.debug_frame    0x0000000000000000     0x1528
 .debug_frame   0x0000000000000000      0x6f4 Core/Src/main.o
 .debug_frame   0x00000000000006f4       0x38 Core/Src/stm32f4xx_hal_msp.o
 .debug_frame   0x000000000000072c       0xf0 Core/Src/stm32f4xx_it.o
 .debug_frame   0x000000000000081c       0x58 Core/Src/system_stm32f4xx.o
 .debug_frame   0x0000000000000874      0x374 Drivers/STM32F4xx_HAL_Driver/Src/stm32f4xx_hal.o
 .debug_frame   0x0000000000000be8      0x498 Drivers/STM32F4xx_HAL_Driver/Src/stm32f4xx_hal_cortex.o
 .debug_frame   0x0000000000001080      0x1f0 Drivers/STM32F4xx_HAL_Driver/Src/stm32f4xx_hal_rcc.o
 .debug_frame   0x0000000000001270       0x2c c:/st/stm32cubeide_1.2.0/stm32cubeide/plugins/com.st.stm32cube.ide.mcu.externaltools.gnu-tools-for-stm32.7-2018-q2-update.win32_1.0.0.201904181610/tools/bin/../lib/gcc/arm-none-eabi/7.3.1/../../../../arm-none-eabi/lib/thumb/v7e-m/fpv4-sp/hard\libc_nano.a(lib_a-init.o)
 .debug_frame   0x000000000000129c       0x28 c:/st/stm32cubeide_1.2.0/stm32cubeide/plugins/com.st.stm32cube.ide.mcu.externaltools.gnu-tools-for-stm32.7-2018-q2-update.win32_1.0.0.201904181610/tools/bin/../lib/gcc/arm-none-eabi/7.3.1/../../../../arm-none-eabi/lib/thumb/v7e-m/fpv4-sp/hard\libc_nano.a(lib_a-memcpy-stub.o)
 .debug_frame   0x00000000000012c4       0x20 c:/st/stm32cubeide_1.2.0/stm32cubeide/plugins/com.st.stm32cube.ide.mcu.externaltools.gnu-tools-for-stm32.7-2018-q2-update.win32_1.0.0.201904181610/tools/bin/../lib/gcc/arm-none-eabi/7.3.1/../../../../arm-none-eabi/lib/thumb/v7e-m/fpv4-sp/hard\libc_nano.a(lib_a-memset.o)
 .debug_frame   0x00000000000012e4       0xac c:/st/stm32cubeide_1.2.0/stm32cubeide/plugins/com.st.stm32cube.ide.mcu.externaltools.gnu-tools-for-stm32.7-2018-q2-update.win32_1.0.0.201904181610/tools/bin/../lib/gcc/arm-none-eabi/7.3.1/thumb/v7e-m/fpv4-sp/hard\libgcc.a(_arm_addsubdf3.o)
 .debug_frame   0x0000000000001390       0x50 c:/st/stm32cubeide_1.2.0/stm32cubeide/plugins/com.st.stm32cube.ide.mcu.externaltools.gnu-tools-for-stm32.7-2018-q2-update.win32_1.0.0.201904181610/tools/bin/../lib/gcc/arm-none-eabi/7.3.1/thumb/v7e-m/fpv4-sp/hard\libgcc.a(_arm_muldivdf3.o)
 .debug_frame   0x00000000000013e0       0xc4 c:/st/stm32cubeide_1.2.0/stm32cubeide/plugins/com.st.stm32cube.ide.mcu.externaltools.gnu-tools-for-stm32.7-2018-q2-update.win32_1.0.0.201904181610/tools/bin/../lib/gcc/arm-none-eabi/7.3.1/thumb/v7e-m/fpv4-sp/hard\libgcc.a(_arm_cmpdf2.o)
 .debug_frame   0x00000000000014a4       0x24 c:/st/stm32cubeide_1.2.0/stm32cubeide/plugins/com.st.stm32cube.ide.mcu.externaltools.gnu-tools-for-stm32.7-2018-q2-update.win32_1.0.0.201904181610/tools/bin/../lib/gcc/arm-none-eabi/7.3.1/thumb/v7e-m/fpv4-sp/hard\libgcc.a(_arm_truncdfsf2.o)
 .debug_frame   0x00000000000014c8       0x2c c:/st/stm32cubeide_1.2.0/stm32cubeide/plugins/com.st.stm32cube.ide.mcu.externaltools.gnu-tools-for-stm32.7-2018-q2-update.win32_1.0.0.201904181610/tools/bin/../lib/gcc/arm-none-eabi/7.3.1/thumb/v7e-m/fpv4-sp/hard\libgcc.a(_aeabi_uldivmod.o)
 .debug_frame   0x00000000000014f4       0x34 c:/st/stm32cubeide_1.2.0/stm32cubeide/plugins/com.st.stm32cube.ide.mcu.externaltools.gnu-tools-for-stm32.7-2018-q2-update.win32_1.0.0.201904181610/tools/bin/../lib/gcc/arm-none-eabi/7.3.1/thumb/v7e-m/fpv4-sp/hard\libgcc.a(_udivmoddi4.o)
