core_cm4.h:1688:22:void __NVIC_EnableIRQ(IRQn_Type)	16	static
can_drv.hpp:49:7:void CanDrv::Init(CanDrv::BaudRate)	16	static
can_drv.hpp:58:7:void CanDrv::InitHardware(CanDrv::BaudRate)	16	static
can_drv.hpp:129:7:void CanDrv::SendTrigger()	16	static
can_drv.hpp:134:7:bool CanDrv::SelectFreeMailbox()	32	static
can_drv.hpp:152:7:void CanDrv::Receive()	24	static
can_drv.hpp:179:7:bool CanDrv::GetRxMsg()	16	static
can_drv.hpp:191:7:void CanDrv::SetTxMsg(CanMsg&)	16	static
can_drv.hpp:198:7:bool CanDrv::GetTxMsg()	16	static
can_drv.hpp:209:7:void CanDrv::SendStart()	24	static
can_drv.hpp:227:7:void CanDrv::IrqWrite()	16	static
can_drv.hpp:232:7:void CanDrv::IrqRead()	16	static
can_open.hpp:26:13:void SendSynchObj(CanDrv*)	32	static
mem.hpp:4:13:void DataCopy(uint8_t*, uint8_t*, uint16_t)	32	static
sdo.hpp:53:2:Sdo::Sdo(CanDrv*, uint16_t)	24	static
sdo.hpp:64:7:void Sdo::Reset()	16	static
sdo.hpp:70:7:void Sdo::PushCommand(const SdoCmd&)	16	static
sdo.hpp:79:7:void Sdo::PrepareData()	40	static
sdo.hpp:102:7:void Sdo::StartSequence()	16	static
sdo.hpp:116:7:bool Sdo::StackWriteUpdate()	24	static
pdo.hpp:29:2:Pdo::Pdo(CanDrv*, uint16_t)	24	static
pdo.hpp:42:7:void Pdo::Send(Pdo::PdoObj)	32	static
nmt.hpp:14:2:Nmt::Nmt(CanDrv*, uint16_t)	24	static
nmt.hpp:16:7:void Nmt::GoToOperational()	32	static
mi_control.hpp:13:15:SdoCmd MiControlCmds::ClearError()	16	static
mi_control.hpp:44:15:SdoCmd MiControlCmds::MapRPDO(int, const SdoCmd&, MiControlCmds::NumberOfBits)	24	static
mi_control.hpp:59:15:SdoCmd MiControlCmds::EnableRPDO(int)	16	static
mi_control.hpp:72:15:SdoCmd MiControlCmds::DisableRPDO()	16	static
mi_control.hpp:85:15:SdoCmd MiControlCmds::SetTransmissionType(int)	16	static
mi_control.hpp:98:15:SdoCmd MiControlCmds::Map02hTxPDO(int, int, int, int)	24	static
mi_control.hpp:148:15:SdoCmd MiControlCmds::EnableTPDO(uint8_t, int)	24	static
mi_control.hpp:161:15:SdoCmd MiControlCmds::DisableTPDO(int)	16	static
mi_control.hpp:200:15:SdoCmd MiControlCmds::RestoreParam()	16	static
mi_control.hpp:237:15:SdoCmd MiControlCmds::MotorEnable()	16	static
mi_control.hpp:264:15:SdoCmd MiControlCmds::SetSubvel(int32_t)	16	static
motor_drv.hpp:24:2:MotorDrv::MotorDrv(CanDrv*, uint8_t)	24	static
motor_drv.hpp:32:7:void MotorDrv::SetPdoCmds()	16	static
motor_drv.hpp:37:7:void MotorDrv::Configure()	240	static
motor_drv.hpp:87:7:void MotorDrv::SetVelocity()	16	static
motor_drv.hpp:93:8:float MotorDrv::ReadPosition(volatile CanMsg*)	16	static
motor_drv.hpp:98:8:float MotorDrv::ReadVelocity(volatile CanMsg*)	16	static
motor_drv.hpp:103:8:float MotorDrv::ReadCurrent(volatile CanMsg*)	16	static
motor_drv.hpp:108:8:float MotorDrv::ReadStatus(volatile CanMsg*)	16	static
led_interface.h:14:14:static void Led::HardwareInit()	4	static
led_interface.h:24:14:static void Led::Init()	8	static
led_interface.h:34:34:static volatile long unsigned int& Led::Yellow()	4	static
main.cpp:96:5:int main()	1128	static,ignoring_inline_asm
main.cpp:229:6:void SystemClock_Config()	88	static
main.cpp:272:13:void MX_GPIO_Init()	16	static
main.cpp:281:6:void CAN1_TX_IRQHandler()	8	static
main.cpp:286:6:void GeneralHardwareInit()	4	static
main.cpp:297:6:void SysTick_Handler()	8	static
main.cpp:309:6:void CAN1_RX0_IRQHandler()	16	static
main.cpp:376:6:void Error_Handler()	4	static
main.cpp:382:1:void __static_initialization_and_destruction_0(int, int)	16	static
main.cpp:382:1:cpp)	8	static
