core_cm4.h:1688:22:void __NVIC_EnableIRQ(IRQn_Type)	16	static
can_drv.hpp:50:7:void CanDrv::Init(CanDrv::BaudRate)	16	static
can_drv.hpp:59:7:void CanDrv::InitHardware(CanDrv::BaudRate)	16	static
can_drv.hpp:132:7:void CanDrv::SendTrigger()	16	static
can_drv.hpp:137:7:bool CanDrv::SelectFreeMailbox()	32	static
can_drv.hpp:155:7:void CanDrv::Receive()	24	static
can_drv.hpp:182:7:bool CanDrv::GetRxMsg()	16	static
can_drv.hpp:194:7:void CanDrv::SetTxMsg(CanMsg&)	16	static
can_drv.hpp:201:7:bool CanDrv::GetTxMsg()	16	static
can_drv.hpp:212:7:bool CanDrv::SendStart()	24	static
can_drv.hpp:232:7:void CanDrv::IrqWrite()	16	static
can_drv.hpp:251:7:void CanDrv::IrqRead()	16	static
can_open.hpp:26:13:void SetSynchObj(CanDrv*)	32	static
mem.hpp:4:13:void DataCopy(uint8_t*, uint8_t*, uint16_t)	32	static
sdo.hpp:53:2:Sdo::Sdo(CanDrv*, uint16_t)	24	static
sdo.hpp:64:7:void Sdo::Reset()	16	static
sdo.hpp:70:7:void Sdo::PushCommand(const SdoCmd&)	16	static
sdo.hpp:79:7:void Sdo::PrepareData()	40	static
sdo.hpp:102:7:void Sdo::StartSequence()	16	static
sdo.hpp:116:7:bool Sdo::StackWriteUpdate()	24	static
pdo.hpp:29:2:Pdo::Pdo(CanDrv*, uint16_t)	24	static
pdo.hpp:42:7:void Pdo::Send(Pdo::PdoObj)	32	static
nmt.hpp:14:2:Nmt::Nmt(CanDrv*, uint16_t)	24	static
nmt.hpp:16:7:void Nmt::GoToOperational()	32	static
mi_control.hpp:13:15:SdoCmd MiControlCmds::ClearError()	16	static
mi_control.hpp:200:15:SdoCmd MiControlCmds::RestoreParam()	16	static
mi_control.hpp:237:15:SdoCmd MiControlCmds::MotorEnable()	16	static
motor_drv.hpp:44:2:MotorDrv::MotorDrv(CanDrv*, uint8_t)	24	static
motor_drv.hpp:53:7:void MotorDrv::SetPdoCmds()	16	static
motor_drv.hpp:58:7:void MotorDrv::Configure()	64	static
motor_drv.hpp:114:7:void MotorDrv::SetCurrent()	16	static
motor_drv.hpp:120:8:float MotorDrv::ReadPosition(volatile CanMsg*)	24	static
motor_drv.hpp:127:8:float MotorDrv::ReadCurrent(volatile CanMsg*)	24	static
led_interface.h:14:14:static void Led::HardwareInit()	4	static
led_interface.h:24:14:static void Led::Init()	8	static
led_interface.h:34:34:static volatile long unsigned int& Led::Yellow()	4	static
canComModule.hpp:6:13:bool motorCanSendData(MotorDrv**, uint8_t)	32	static
canComModule.hpp:45:13:void motorReadData(MotorDrv*, volatile CanMsg*, uint16_t)	24	static
main.cpp:99:5:int main()	608	static,ignoring_inline_asm
main.cpp:198:6:void SystemClock_Config()	88	static
main.cpp:241:13:void MX_GPIO_Init()	16	static
main.cpp:250:6:void GeneralHardwareInit()	4	static
main.cpp:261:6:void SysTick_Handler()	8	static
main.cpp:273:6:void CAN1_TX_IRQHandler()	8	static
main.cpp:278:6:void CAN1_RX0_IRQHandler()	32	static
main.cpp:307:6:void Error_Handler()	4	static
main.cpp:313:1:void __static_initialization_and_destruction_0(int, int)	16	static
main.cpp:313:1:cpp)	8	static
